###############################################################################
#
# IAR ELF Linker V8.42.1.236/W32 for ARM                  16/Mar/2021  20:11:55
# Copyright 2007-2019 IAR Systems AB.
#
#    Output file  =
#        C:\Users\AtifM\Desktop\EmbeddedWebServer\STM32WebServer\STM32Cube_FW_F7_V1.11.0\Projects\STM32F767ZI-Nucleo\Applications\LwIP\LwIP_HTTP_Server_Netconn_RTOS\EWARM\STM32F767ZI_Nucleo\Exe\Project.out
#    Map file     =
#        C:\Users\AtifM\Desktop\EmbeddedWebServer\STM32WebServer\STM32Cube_FW_F7_V1.11.0\Projects\STM32F767ZI-Nucleo\Applications\LwIP\LwIP_HTTP_Server_Netconn_RTOS\EWARM\STM32F767ZI_Nucleo\List\Project.map
#    Command line =
#        -f C:\Users\AtifM\AppData\Local\Temp\EWD0D.tmp
#        (C:\Users\AtifM\Desktop\EmbeddedWebServer\STM32WebServer\STM32Cube_FW_F7_V1.11.0\Projects\STM32F767ZI-Nucleo\Applications\LwIP\LwIP_HTTP_Server_Netconn_RTOS\EWARM\STM32F767ZI_Nucleo\Obj\api_lib.o
#        C:\Users\AtifM\Desktop\EmbeddedWebServer\STM32WebServer\STM32Cube_FW_F7_V1.11.0\Projects\STM32F767ZI-Nucleo\Applications\LwIP\LwIP_HTTP_Server_Netconn_RTOS\EWARM\STM32F767ZI_Nucleo\Obj\api_msg.o
#        C:\Users\AtifM\Desktop\EmbeddedWebServer\STM32WebServer\STM32Cube_FW_F7_V1.11.0\Projects\STM32F767ZI-Nucleo\Applications\LwIP\LwIP_HTTP_Server_Netconn_RTOS\EWARM\STM32F767ZI_Nucleo\Obj\app_ethernet.o
#        C:\Users\AtifM\Desktop\EmbeddedWebServer\STM32WebServer\STM32Cube_FW_F7_V1.11.0\Projects\STM32F767ZI-Nucleo\Applications\LwIP\LwIP_HTTP_Server_Netconn_RTOS\EWARM\STM32F767ZI_Nucleo\Obj\autoip.o
#        C:\Users\AtifM\Desktop\EmbeddedWebServer\STM32WebServer\STM32Cube_FW_F7_V1.11.0\Projects\STM32F767ZI-Nucleo\Applications\LwIP\LwIP_HTTP_Server_Netconn_RTOS\EWARM\STM32F767ZI_Nucleo\Obj\cmsis_os.o
#        C:\Users\AtifM\Desktop\EmbeddedWebServer\STM32WebServer\STM32Cube_FW_F7_V1.11.0\Projects\STM32F767ZI-Nucleo\Applications\LwIP\LwIP_HTTP_Server_Netconn_RTOS\EWARM\STM32F767ZI_Nucleo\Obj\croutine.o
#        C:\Users\AtifM\Desktop\EmbeddedWebServer\STM32WebServer\STM32Cube_FW_F7_V1.11.0\Projects\STM32F767ZI-Nucleo\Applications\LwIP\LwIP_HTTP_Server_Netconn_RTOS\EWARM\STM32F767ZI_Nucleo\Obj\def.o
#        C:\Users\AtifM\Desktop\EmbeddedWebServer\STM32WebServer\STM32Cube_FW_F7_V1.11.0\Projects\STM32F767ZI-Nucleo\Applications\LwIP\LwIP_HTTP_Server_Netconn_RTOS\EWARM\STM32F767ZI_Nucleo\Obj\dhcp.o
#        C:\Users\AtifM\Desktop\EmbeddedWebServer\STM32WebServer\STM32Cube_FW_F7_V1.11.0\Projects\STM32F767ZI-Nucleo\Applications\LwIP\LwIP_HTTP_Server_Netconn_RTOS\EWARM\STM32F767ZI_Nucleo\Obj\dns.o
#        C:\Users\AtifM\Desktop\EmbeddedWebServer\STM32WebServer\STM32Cube_FW_F7_V1.11.0\Projects\STM32F767ZI-Nucleo\Applications\LwIP\LwIP_HTTP_Server_Netconn_RTOS\EWARM\STM32F767ZI_Nucleo\Obj\err.o
#        C:\Users\AtifM\Desktop\EmbeddedWebServer\STM32WebServer\STM32Cube_FW_F7_V1.11.0\Projects\STM32F767ZI-Nucleo\Applications\LwIP\LwIP_HTTP_Server_Netconn_RTOS\EWARM\STM32F767ZI_Nucleo\Obj\etharp.o
#        C:\Users\AtifM\Desktop\EmbeddedWebServer\STM32WebServer\STM32Cube_FW_F7_V1.11.0\Projects\STM32F767ZI-Nucleo\Applications\LwIP\LwIP_HTTP_Server_Netconn_RTOS\EWARM\STM32F767ZI_Nucleo\Obj\ethernet.o
#        C:\Users\AtifM\Desktop\EmbeddedWebServer\STM32WebServer\STM32Cube_FW_F7_V1.11.0\Projects\STM32F767ZI-Nucleo\Applications\LwIP\LwIP_HTTP_Server_Netconn_RTOS\EWARM\STM32F767ZI_Nucleo\Obj\ethernetif.o
#        C:\Users\AtifM\Desktop\EmbeddedWebServer\STM32WebServer\STM32Cube_FW_F7_V1.11.0\Projects\STM32F767ZI-Nucleo\Applications\LwIP\LwIP_HTTP_Server_Netconn_RTOS\EWARM\STM32F767ZI_Nucleo\Obj\fs.o
#        C:\Users\AtifM\Desktop\EmbeddedWebServer\STM32WebServer\STM32Cube_FW_F7_V1.11.0\Projects\STM32F767ZI-Nucleo\Applications\LwIP\LwIP_HTTP_Server_Netconn_RTOS\EWARM\STM32F767ZI_Nucleo\Obj\heap_4.o
#        C:\Users\AtifM\Desktop\EmbeddedWebServer\STM32WebServer\STM32Cube_FW_F7_V1.11.0\Projects\STM32F767ZI-Nucleo\Applications\LwIP\LwIP_HTTP_Server_Netconn_RTOS\EWARM\STM32F767ZI_Nucleo\Obj\httpd.o
#        C:\Users\AtifM\Desktop\EmbeddedWebServer\STM32WebServer\STM32Cube_FW_F7_V1.11.0\Projects\STM32F767ZI-Nucleo\Applications\LwIP\LwIP_HTTP_Server_Netconn_RTOS\EWARM\STM32F767ZI_Nucleo\Obj\httpserver-netconn.o
#        C:\Users\AtifM\Desktop\EmbeddedWebServer\STM32WebServer\STM32Cube_FW_F7_V1.11.0\Projects\STM32F767ZI-Nucleo\Applications\LwIP\LwIP_HTTP_Server_Netconn_RTOS\EWARM\STM32F767ZI_Nucleo\Obj\icmp.o
#        C:\Users\AtifM\Desktop\EmbeddedWebServer\STM32WebServer\STM32Cube_FW_F7_V1.11.0\Projects\STM32F767ZI-Nucleo\Applications\LwIP\LwIP_HTTP_Server_Netconn_RTOS\EWARM\STM32F767ZI_Nucleo\Obj\igmp.o
#        C:\Users\AtifM\Desktop\EmbeddedWebServer\STM32WebServer\STM32Cube_FW_F7_V1.11.0\Projects\STM32F767ZI-Nucleo\Applications\LwIP\LwIP_HTTP_Server_Netconn_RTOS\EWARM\STM32F767ZI_Nucleo\Obj\inet_chksum.o
#        C:\Users\AtifM\Desktop\EmbeddedWebServer\STM32WebServer\STM32Cube_FW_F7_V1.11.0\Projects\STM32F767ZI-Nucleo\Applications\LwIP\LwIP_HTTP_Server_Netconn_RTOS\EWARM\STM32F767ZI_Nucleo\Obj\init.o
#        C:\Users\AtifM\Desktop\EmbeddedWebServer\STM32WebServer\STM32Cube_FW_F7_V1.11.0\Projects\STM32F767ZI-Nucleo\Applications\LwIP\LwIP_HTTP_Server_Netconn_RTOS\EWARM\STM32F767ZI_Nucleo\Obj\ip.o
#        C:\Users\AtifM\Desktop\EmbeddedWebServer\STM32WebServer\STM32Cube_FW_F7_V1.11.0\Projects\STM32F767ZI-Nucleo\Applications\LwIP\LwIP_HTTP_Server_Netconn_RTOS\EWARM\STM32F767ZI_Nucleo\Obj\ip4.o
#        C:\Users\AtifM\Desktop\EmbeddedWebServer\STM32WebServer\STM32Cube_FW_F7_V1.11.0\Projects\STM32F767ZI-Nucleo\Applications\LwIP\LwIP_HTTP_Server_Netconn_RTOS\EWARM\STM32F767ZI_Nucleo\Obj\ip4_addr.o
#        C:\Users\AtifM\Desktop\EmbeddedWebServer\STM32WebServer\STM32Cube_FW_F7_V1.11.0\Projects\STM32F767ZI-Nucleo\Applications\LwIP\LwIP_HTTP_Server_Netconn_RTOS\EWARM\STM32F767ZI_Nucleo\Obj\ip4_frag.o
#        C:\Users\AtifM\Desktop\EmbeddedWebServer\STM32WebServer\STM32Cube_FW_F7_V1.11.0\Projects\STM32F767ZI-Nucleo\Applications\LwIP\LwIP_HTTP_Server_Netconn_RTOS\EWARM\STM32F767ZI_Nucleo\Obj\list.o
#        C:\Users\AtifM\Desktop\EmbeddedWebServer\STM32WebServer\STM32Cube_FW_F7_V1.11.0\Projects\STM32F767ZI-Nucleo\Applications\LwIP\LwIP_HTTP_Server_Netconn_RTOS\EWARM\STM32F767ZI_Nucleo\Obj\main.o
#        C:\Users\AtifM\Desktop\EmbeddedWebServer\STM32WebServer\STM32Cube_FW_F7_V1.11.0\Projects\STM32F767ZI-Nucleo\Applications\LwIP\LwIP_HTTP_Server_Netconn_RTOS\EWARM\STM32F767ZI_Nucleo\Obj\mem.o
#        C:\Users\AtifM\Desktop\EmbeddedWebServer\STM32WebServer\STM32Cube_FW_F7_V1.11.0\Projects\STM32F767ZI-Nucleo\Applications\LwIP\LwIP_HTTP_Server_Netconn_RTOS\EWARM\STM32F767ZI_Nucleo\Obj\memp.o
#        C:\Users\AtifM\Desktop\EmbeddedWebServer\STM32WebServer\STM32Cube_FW_F7_V1.11.0\Projects\STM32F767ZI-Nucleo\Applications\LwIP\LwIP_HTTP_Server_Netconn_RTOS\EWARM\STM32F767ZI_Nucleo\Obj\netbuf.o
#        C:\Users\AtifM\Desktop\EmbeddedWebServer\STM32WebServer\STM32Cube_FW_F7_V1.11.0\Projects\STM32F767ZI-Nucleo\Applications\LwIP\LwIP_HTTP_Server_Netconn_RTOS\EWARM\STM32F767ZI_Nucleo\Obj\netdb.o
#        C:\Users\AtifM\Desktop\EmbeddedWebServer\STM32WebServer\STM32Cube_FW_F7_V1.11.0\Projects\STM32F767ZI-Nucleo\Applications\LwIP\LwIP_HTTP_Server_Netconn_RTOS\EWARM\STM32F767ZI_Nucleo\Obj\netif.o
#        C:\Users\AtifM\Desktop\EmbeddedWebServer\STM32WebServer\STM32Cube_FW_F7_V1.11.0\Projects\STM32F767ZI-Nucleo\Applications\LwIP\LwIP_HTTP_Server_Netconn_RTOS\EWARM\STM32F767ZI_Nucleo\Obj\netifapi.o
#        C:\Users\AtifM\Desktop\EmbeddedWebServer\STM32WebServer\STM32Cube_FW_F7_V1.11.0\Projects\STM32F767ZI-Nucleo\Applications\LwIP\LwIP_HTTP_Server_Netconn_RTOS\EWARM\STM32F767ZI_Nucleo\Obj\pbuf.o
#        C:\Users\AtifM\Desktop\EmbeddedWebServer\STM32WebServer\STM32Cube_FW_F7_V1.11.0\Projects\STM32F767ZI-Nucleo\Applications\LwIP\LwIP_HTTP_Server_Netconn_RTOS\EWARM\STM32F767ZI_Nucleo\Obj\port.o
#        C:\Users\AtifM\Desktop\EmbeddedWebServer\STM32WebServer\STM32Cube_FW_F7_V1.11.0\Projects\STM32F767ZI-Nucleo\Applications\LwIP\LwIP_HTTP_Server_Netconn_RTOS\EWARM\STM32F767ZI_Nucleo\Obj\portasm.o
#        C:\Users\AtifM\Desktop\EmbeddedWebServer\STM32WebServer\STM32Cube_FW_F7_V1.11.0\Projects\STM32F767ZI-Nucleo\Applications\LwIP\LwIP_HTTP_Server_Netconn_RTOS\EWARM\STM32F767ZI_Nucleo\Obj\queue.o
#        C:\Users\AtifM\Desktop\EmbeddedWebServer\STM32WebServer\STM32Cube_FW_F7_V1.11.0\Projects\STM32F767ZI-Nucleo\Applications\LwIP\LwIP_HTTP_Server_Netconn_RTOS\EWARM\STM32F767ZI_Nucleo\Obj\raw.o
#        C:\Users\AtifM\Desktop\EmbeddedWebServer\STM32WebServer\STM32Cube_FW_F7_V1.11.0\Projects\STM32F767ZI-Nucleo\Applications\LwIP\LwIP_HTTP_Server_Netconn_RTOS\EWARM\STM32F767ZI_Nucleo\Obj\sockets.o
#        C:\Users\AtifM\Desktop\EmbeddedWebServer\STM32WebServer\STM32Cube_FW_F7_V1.11.0\Projects\STM32F767ZI-Nucleo\Applications\LwIP\LwIP_HTTP_Server_Netconn_RTOS\EWARM\STM32F767ZI_Nucleo\Obj\startup_stm32f767xx.o
#        C:\Users\AtifM\Desktop\EmbeddedWebServer\STM32WebServer\STM32Cube_FW_F7_V1.11.0\Projects\STM32F767ZI-Nucleo\Applications\LwIP\LwIP_HTTP_Server_Netconn_RTOS\EWARM\STM32F767ZI_Nucleo\Obj\stats.o
#        C:\Users\AtifM\Desktop\EmbeddedWebServer\STM32WebServer\STM32Cube_FW_F7_V1.11.0\Projects\STM32F767ZI-Nucleo\Applications\LwIP\LwIP_HTTP_Server_Netconn_RTOS\EWARM\STM32F767ZI_Nucleo\Obj\stm32f7xx_hal.o
#        C:\Users\AtifM\Desktop\EmbeddedWebServer\STM32WebServer\STM32Cube_FW_F7_V1.11.0\Projects\STM32F767ZI-Nucleo\Applications\LwIP\LwIP_HTTP_Server_Netconn_RTOS\EWARM\STM32F767ZI_Nucleo\Obj\stm32f7xx_hal_cortex.o
#        C:\Users\AtifM\Desktop\EmbeddedWebServer\STM32WebServer\STM32Cube_FW_F7_V1.11.0\Projects\STM32F767ZI-Nucleo\Applications\LwIP\LwIP_HTTP_Server_Netconn_RTOS\EWARM\STM32F767ZI_Nucleo\Obj\stm32f7xx_hal_dma.o
#        C:\Users\AtifM\Desktop\EmbeddedWebServer\STM32WebServer\STM32Cube_FW_F7_V1.11.0\Projects\STM32F767ZI-Nucleo\Applications\LwIP\LwIP_HTTP_Server_Netconn_RTOS\EWARM\STM32F767ZI_Nucleo\Obj\stm32f7xx_hal_dma2d.o
#        C:\Users\AtifM\Desktop\EmbeddedWebServer\STM32WebServer\STM32Cube_FW_F7_V1.11.0\Projects\STM32F767ZI-Nucleo\Applications\LwIP\LwIP_HTTP_Server_Netconn_RTOS\EWARM\STM32F767ZI_Nucleo\Obj\stm32f7xx_hal_dsi.o
#        C:\Users\AtifM\Desktop\EmbeddedWebServer\STM32WebServer\STM32Cube_FW_F7_V1.11.0\Projects\STM32F767ZI-Nucleo\Applications\LwIP\LwIP_HTTP_Server_Netconn_RTOS\EWARM\STM32F767ZI_Nucleo\Obj\stm32f7xx_hal_eth.o
#        C:\Users\AtifM\Desktop\EmbeddedWebServer\STM32WebServer\STM32Cube_FW_F7_V1.11.0\Projects\STM32F767ZI-Nucleo\Applications\LwIP\LwIP_HTTP_Server_Netconn_RTOS\EWARM\STM32F767ZI_Nucleo\Obj\stm32f7xx_hal_flash.o
#        C:\Users\AtifM\Desktop\EmbeddedWebServer\STM32WebServer\STM32Cube_FW_F7_V1.11.0\Projects\STM32F767ZI-Nucleo\Applications\LwIP\LwIP_HTTP_Server_Netconn_RTOS\EWARM\STM32F767ZI_Nucleo\Obj\stm32f7xx_hal_flash_ex.o
#        C:\Users\AtifM\Desktop\EmbeddedWebServer\STM32WebServer\STM32Cube_FW_F7_V1.11.0\Projects\STM32F767ZI-Nucleo\Applications\LwIP\LwIP_HTTP_Server_Netconn_RTOS\EWARM\STM32F767ZI_Nucleo\Obj\stm32f7xx_hal_gpio.o
#        C:\Users\AtifM\Desktop\EmbeddedWebServer\STM32WebServer\STM32Cube_FW_F7_V1.11.0\Projects\STM32F767ZI-Nucleo\Applications\LwIP\LwIP_HTTP_Server_Netconn_RTOS\EWARM\STM32F767ZI_Nucleo\Obj\stm32f7xx_hal_i2c.o
#        C:\Users\AtifM\Desktop\EmbeddedWebServer\STM32WebServer\STM32Cube_FW_F7_V1.11.0\Projects\STM32F767ZI-Nucleo\Applications\LwIP\LwIP_HTTP_Server_Netconn_RTOS\EWARM\STM32F767ZI_Nucleo\Obj\stm32f7xx_hal_i2c_ex.o
#        C:\Users\AtifM\Desktop\EmbeddedWebServer\STM32WebServer\STM32Cube_FW_F7_V1.11.0\Projects\STM32F767ZI-Nucleo\Applications\LwIP\LwIP_HTTP_Server_Netconn_RTOS\EWARM\STM32F767ZI_Nucleo\Obj\stm32f7xx_hal_ltdc.o
#        C:\Users\AtifM\Desktop\EmbeddedWebServer\STM32WebServer\STM32Cube_FW_F7_V1.11.0\Projects\STM32F767ZI-Nucleo\Applications\LwIP\LwIP_HTTP_Server_Netconn_RTOS\EWARM\STM32F767ZI_Nucleo\Obj\stm32f7xx_hal_ltdc_ex.o
#        C:\Users\AtifM\Desktop\EmbeddedWebServer\STM32WebServer\STM32Cube_FW_F7_V1.11.0\Projects\STM32F767ZI-Nucleo\Applications\LwIP\LwIP_HTTP_Server_Netconn_RTOS\EWARM\STM32F767ZI_Nucleo\Obj\stm32f7xx_hal_pwr.o
#        C:\Users\AtifM\Desktop\EmbeddedWebServer\STM32WebServer\STM32Cube_FW_F7_V1.11.0\Projects\STM32F767ZI-Nucleo\Applications\LwIP\LwIP_HTTP_Server_Netconn_RTOS\EWARM\STM32F767ZI_Nucleo\Obj\stm32f7xx_hal_pwr_ex.o
#        C:\Users\AtifM\Desktop\EmbeddedWebServer\STM32WebServer\STM32Cube_FW_F7_V1.11.0\Projects\STM32F767ZI-Nucleo\Applications\LwIP\LwIP_HTTP_Server_Netconn_RTOS\EWARM\STM32F767ZI_Nucleo\Obj\stm32f7xx_hal_rcc.o
#        C:\Users\AtifM\Desktop\EmbeddedWebServer\STM32WebServer\STM32Cube_FW_F7_V1.11.0\Projects\STM32F767ZI-Nucleo\Applications\LwIP\LwIP_HTTP_Server_Netconn_RTOS\EWARM\STM32F767ZI_Nucleo\Obj\stm32f7xx_hal_rcc_ex.o
#        C:\Users\AtifM\Desktop\EmbeddedWebServer\STM32WebServer\STM32Cube_FW_F7_V1.11.0\Projects\STM32F767ZI-Nucleo\Applications\LwIP\LwIP_HTTP_Server_Netconn_RTOS\EWARM\STM32F767ZI_Nucleo\Obj\stm32f7xx_hal_sdram.o
#        C:\Users\AtifM\Desktop\EmbeddedWebServer\STM32WebServer\STM32Cube_FW_F7_V1.11.0\Projects\STM32F767ZI-Nucleo\Applications\LwIP\LwIP_HTTP_Server_Netconn_RTOS\EWARM\STM32F767ZI_Nucleo\Obj\stm32f7xx_hal_tim.o
#        C:\Users\AtifM\Desktop\EmbeddedWebServer\STM32WebServer\STM32Cube_FW_F7_V1.11.0\Projects\STM32F767ZI-Nucleo\Applications\LwIP\LwIP_HTTP_Server_Netconn_RTOS\EWARM\STM32F767ZI_Nucleo\Obj\stm32f7xx_hal_tim_ex.o
#        C:\Users\AtifM\Desktop\EmbeddedWebServer\STM32WebServer\STM32Cube_FW_F7_V1.11.0\Projects\STM32F767ZI-Nucleo\Applications\LwIP\LwIP_HTTP_Server_Netconn_RTOS\EWARM\STM32F767ZI_Nucleo\Obj\stm32f7xx_hal_timebase_tim.o
#        C:\Users\AtifM\Desktop\EmbeddedWebServer\STM32WebServer\STM32Cube_FW_F7_V1.11.0\Projects\STM32F767ZI-Nucleo\Applications\LwIP\LwIP_HTTP_Server_Netconn_RTOS\EWARM\STM32F767ZI_Nucleo\Obj\stm32f7xx_hal_uart.o
#        C:\Users\AtifM\Desktop\EmbeddedWebServer\STM32WebServer\STM32Cube_FW_F7_V1.11.0\Projects\STM32F767ZI-Nucleo\Applications\LwIP\LwIP_HTTP_Server_Netconn_RTOS\EWARM\STM32F767ZI_Nucleo\Obj\stm32f7xx_it.o
#        C:\Users\AtifM\Desktop\EmbeddedWebServer\STM32WebServer\STM32Cube_FW_F7_V1.11.0\Projects\STM32F767ZI-Nucleo\Applications\LwIP\LwIP_HTTP_Server_Netconn_RTOS\EWARM\STM32F767ZI_Nucleo\Obj\stm32f7xx_ll_fmc.o
#        C:\Users\AtifM\Desktop\EmbeddedWebServer\STM32WebServer\STM32Cube_FW_F7_V1.11.0\Projects\STM32F767ZI-Nucleo\Applications\LwIP\LwIP_HTTP_Server_Netconn_RTOS\EWARM\STM32F767ZI_Nucleo\Obj\stm32f7xx_nucleo_144.o
#        C:\Users\AtifM\Desktop\EmbeddedWebServer\STM32WebServer\STM32Cube_FW_F7_V1.11.0\Projects\STM32F767ZI-Nucleo\Applications\LwIP\LwIP_HTTP_Server_Netconn_RTOS\EWARM\STM32F767ZI_Nucleo\Obj\sys.o
#        C:\Users\AtifM\Desktop\EmbeddedWebServer\STM32WebServer\STM32Cube_FW_F7_V1.11.0\Projects\STM32F767ZI-Nucleo\Applications\LwIP\LwIP_HTTP_Server_Netconn_RTOS\EWARM\STM32F767ZI_Nucleo\Obj\sys_arch.o
#        C:\Users\AtifM\Desktop\EmbeddedWebServer\STM32WebServer\STM32Cube_FW_F7_V1.11.0\Projects\STM32F767ZI-Nucleo\Applications\LwIP\LwIP_HTTP_Server_Netconn_RTOS\EWARM\STM32F767ZI_Nucleo\Obj\system_stm32f7xx.o
#        C:\Users\AtifM\Desktop\EmbeddedWebServer\STM32WebServer\STM32Cube_FW_F7_V1.11.0\Projects\STM32F767ZI-Nucleo\Applications\LwIP\LwIP_HTTP_Server_Netconn_RTOS\EWARM\STM32F767ZI_Nucleo\Obj\tasks.o
#        C:\Users\AtifM\Desktop\EmbeddedWebServer\STM32WebServer\STM32Cube_FW_F7_V1.11.0\Projects\STM32F767ZI-Nucleo\Applications\LwIP\LwIP_HTTP_Server_Netconn_RTOS\EWARM\STM32F767ZI_Nucleo\Obj\tcp.o
#        C:\Users\AtifM\Desktop\EmbeddedWebServer\STM32WebServer\STM32Cube_FW_F7_V1.11.0\Projects\STM32F767ZI-Nucleo\Applications\LwIP\LwIP_HTTP_Server_Netconn_RTOS\EWARM\STM32F767ZI_Nucleo\Obj\tcp_in.o
#        C:\Users\AtifM\Desktop\EmbeddedWebServer\STM32WebServer\STM32Cube_FW_F7_V1.11.0\Projects\STM32F767ZI-Nucleo\Applications\LwIP\LwIP_HTTP_Server_Netconn_RTOS\EWARM\STM32F767ZI_Nucleo\Obj\tcp_out.o
#        C:\Users\AtifM\Desktop\EmbeddedWebServer\STM32WebServer\STM32Cube_FW_F7_V1.11.0\Projects\STM32F767ZI-Nucleo\Applications\LwIP\LwIP_HTTP_Server_Netconn_RTOS\EWARM\STM32F767ZI_Nucleo\Obj\tcpip.o
#        C:\Users\AtifM\Desktop\EmbeddedWebServer\STM32WebServer\STM32Cube_FW_F7_V1.11.0\Projects\STM32F767ZI-Nucleo\Applications\LwIP\LwIP_HTTP_Server_Netconn_RTOS\EWARM\STM32F767ZI_Nucleo\Obj\timeouts.o
#        C:\Users\AtifM\Desktop\EmbeddedWebServer\STM32WebServer\STM32Cube_FW_F7_V1.11.0\Projects\STM32F767ZI-Nucleo\Applications\LwIP\LwIP_HTTP_Server_Netconn_RTOS\EWARM\STM32F767ZI_Nucleo\Obj\timers.o
#        C:\Users\AtifM\Desktop\EmbeddedWebServer\STM32WebServer\STM32Cube_FW_F7_V1.11.0\Projects\STM32F767ZI-Nucleo\Applications\LwIP\LwIP_HTTP_Server_Netconn_RTOS\EWARM\STM32F767ZI_Nucleo\Obj\udp.o
#        --redirect _Printf=_PrintfSmall --redirect _Scanf=_ScanfSmall
#        --no_out_extension -o
#        C:\Users\AtifM\Desktop\EmbeddedWebServer\STM32WebServer\STM32Cube_FW_F7_V1.11.0\Projects\STM32F767ZI-Nucleo\Applications\LwIP\LwIP_HTTP_Server_Netconn_RTOS\EWARM\STM32F767ZI_Nucleo\Exe\Project.out
#        --map
#        C:\Users\AtifM\Desktop\EmbeddedWebServer\STM32WebServer\STM32Cube_FW_F7_V1.11.0\Projects\STM32F767ZI-Nucleo\Applications\LwIP\LwIP_HTTP_Server_Netconn_RTOS\EWARM\STM32F767ZI_Nucleo\List\Project.map
#        --config
#        C:\Users\AtifM\Desktop\EmbeddedWebServer\STM32WebServer\STM32Cube_FW_F7_V1.11.0\Projects\STM32F767ZI-Nucleo\Applications\LwIP\LwIP_HTTP_Server_Netconn_RTOS\EWARM\stm32f767xx_flash.icf
#        --semihosting --entry __iar_program_start --vfe --text_out locale)
#
###############################################################################

*******************************************************************************
*** RUNTIME MODEL ATTRIBUTES
***

CppFlavor       = *
__Heap_Handler  = Basic
__SystemLibrary = DLib
__dlib_version  = 6


*******************************************************************************
*** HEAP SELECTION
***

The basic heap was selected because no calls to memory allocation
functions were found in the application outside of system library
functions, and there are calls to deallocation functions in the
application.


*******************************************************************************
*** PLACEMENT SUMMARY
***

"A0":  place at address 0x800'0000 { ro section .intvec };
"P1":  place in [from 0x800'0000 to 0x81f'ffff] { ro };
define block CSTACK with size = 4K, alignment = 8 { };
define block HEAP with size = 2K, alignment = 8 { };
"P2":  place in [from 0x2000'0000 to 0x2007'ffff] {
          rw, block CSTACK, block HEAP };
initialize by copy { rw };

  Section            Kind         Address      Size  Object
  -------            ----         -------      ----  ------
"A0":                                         0x1f8
  .intvec            ro code   0x800'0000     0x1f8  startup_stm32f767xx.o [1]
                             - 0x800'01f8     0x1f8

"P1":                                      0x5'a53a
  .rodata            const     0x800'01f8  0x2'5754  fs.o [1]
  .rodata            const     0x802'594c  0x1'76d4  fs.o [1]
  .rodata            const     0x803'd020    0x52c8  fs.o [1]
  .rodata            const     0x804'22e8    0x4408  fs.o [1]
  .rodata            const     0x804'66f0    0x130c  fs.o [1]
  .text              ro code   0x804'79fc    0x11c0  dhcp.o [1]
  .text              ro code   0x804'8bbc      0x28  printf.o [2]
  .text              ro code   0x804'8be4     0x3ac  udp.o [1]
  .text              ro code   0x804'8f90     0x788  etharp.o [1]
  .text              ro code   0x804'9718      0x26  def.o [1]
  .text              ro code   0x804'973e      0x3a  zero_init3.o [4]
  .text              ro code   0x804'9778     0x4a0  mem.o [1]
  .text              ro code   0x804'9c18       0x6  ABImemclr4.o [4]
  .text              ro code   0x804'9c1e       0xa  xsprout.o [2]
  .text              ro code   0x804'9c28     0x89c  pbuf.o [1]
  .text              ro code   0x804'a4c4     0x194  netif.o [1]
  .text              ro code   0x804'a658      0x9c  rand.o [2]
  .text              ro code   0x804'a6f4     0x4f1  xprintfsmall.o [2]
  .rodata            const     0x804'abe6       0x2  xlocale_c.o [2]
  .text              ro code   0x804'abe8      0x32  ip4_addr.o [1]
  .text              ro code   0x804'ac1c     0x1b8  icmp.o [1]
  .text              ro code   0x804'add4     0x2fc  ip4.o [1]
  .text              ro code   0x804'b0d0     0x16c  memp.o [1]
  .text              ro code   0x804'b23c       0x6  ABImemclr.o [4]
  .text              ro code   0x804'b244      0x18  ABImemcpy_small.o [4]
  .text              ro code   0x804'b25c     0x108  ethernet.o [1]
  .text              ro code   0x804'b364     0x1d4  sys_arch.o [1]
  .text              ro code   0x804'b538      0x3a  ABImemset48.o [4]
  .text              ro code   0x804'b574     0xdf8  tcp.o [1]
  .text              ro code   0x804'c36c      0x68  xlocale_c.o [2]
  .text              ro code   0x804'c3d4      0x16  strchr.o [4]
  .text              ro code   0x804'c3ec      0x40  xfail_s.o [2]
  .text              ro code   0x804'c42c      0x14  strlen_small.o [4]
  .text              ro code   0x804'c440      0x58  memchr.o [4]
  .text              ro code   0x804'c498      0xc0  inet_chksum.o [1]
  .text              ro code   0x804'c558     0x7d0  ip4_frag.o [1]
  .text              ro code   0x804'cd28     0xfac  tcp_in.o [1]
  .text              ro code   0x804'dcd4      0x66  ABImemset.o [4]
  .text              ro code   0x804'dd3c      0x1e  memcmp_small.o [4]
  .text              ro code   0x804'dd5c     0x2ea  cmsis_os.o [1]
  .text              ro code   0x804'e046      0x14  memset.o [4]
  .text              ro code   0x804'e05c     0xebc  tcp_out.o [1]
  .text              ro code   0x804'ef18     0x1cc  timeouts.o [1]
  .text              ro code   0x804'f0e4       0x6  abort.o [2]
  .text              ro code   0x804'f0ec     0xa3c  tasks.o [1]
  .text              ro code   0x804'fb28     0x6f4  queue.o [1]
  .text              ro code   0x805'021c     0x1c8  port.o [1]
  .text              ro code   0x805'03e4     0x3a8  ethernetif.o [1]
  .text              ro code   0x805'078c      0x14  exit.o [5]
  .text              ro code   0x805'07a0     0x1c0  heap_4.o [1]
  .text              ro code   0x805'0960      0x92  list.o [1]
  .text              ro code   0x805'09f4      0x40  sprintf.o [2]
  .text              ro code   0x805'0a34      0x18  strcpy.o [4]
  CODE               ro code   0x805'0a4c      0xac  portasm.o [1]
  .text              ro code   0x805'0af8     0x200  stm32f7xx_hal_gpio.o [1]
  .text              ro code   0x805'0cf8     0x11c  stm32f7xx_hal_cortex.o [1]
  .text              ro code   0x805'0e14     0x550  stm32f7xx_hal_rcc.o [1]
  .text              ro code   0x805'1364     0x76c  stm32f7xx_hal_eth.o [1]
  .text              ro code   0x805'1ad0       0xc  stm32f7xx_hal.o [1]
  .text              ro code   0x805'1adc      0x2c  iarttio.o [5]
  .text              ro code   0x805'1b08      0x8c  stm32f7xx_hal_timebase_tim.o [1]
  .text              ro code   0x805'1b94     0x106  I64DivMod_small.o [4]
  .text              ro code   0x805'1c9a      0x16  stm32f7xx_hal.o [1]
  .text              ro code   0x805'1cb0       0x2  stm32f7xx_hal_eth.o [1]
  .text              ro code   0x805'1cb2       0x2  stm32f7xx_hal_eth.o [1]
  .text              ro code   0x805'1cb4       0x8  XShttio.o [2]
  .text              ro code   0x805'1cbc     0x27a  stm32f7xx_hal_tim.o [1]
  .text              ro code   0x805'1f38      0x10  stm32f7xx_hal.o [1]
  .text              ro code   0x805'1f48       0x2  I64DivZer.o [4]
  .text              ro code   0x805'1f4a       0x2  stm32f7xx_hal_tim.o [1]
  .text              ro code   0x805'1f4c       0x2  stm32f7xx_hal_tim.o [1]
  .text              ro code   0x805'1f4e       0x2  stm32f7xx_hal_tim_ex.o [1]
  .text              ro code   0x805'1f50       0x2  stm32f7xx_hal_tim.o [1]
  .text              ro code   0x805'1f52       0x2  stm32f7xx_hal_tim_ex.o [1]
  .text              ro code   0x805'1f54       0x2  stm32f7xx_hal_tim.o [1]
  .text              ro code   0x805'1f58    0x10e4  api_msg.o [1]
  .text              ro code   0x805'303c      0xcc  netbuf.o [1]
  .rodata            const     0x805'3108     0xf24  fs.o [1]
  .rodata            const     0x805'402c     0xe38  fs.o [1]
  .rodata            const     0x805'4e64     0xa14  fs.o [1]
  .rodata            const     0x805'5878     0x71c  httpserver-netconn.o [1]
  .text              ro code   0x805'5f94     0x5f8  api_lib.o [1]
  .text              ro code   0x805'658c     0x1cc  tcpip.o [1]
  .text              ro code   0x805'6758      0x26  init.o [1]
  .rodata            const     0x805'6780     0x48c  fs.o [1]
  .text              ro code   0x805'6c0c     0x434  httpserver-netconn.o [1]
  .text              ro code   0x805'7040      0x5c  fs.o [1]
  .text              ro code   0x805'709c      0x28  strncmp.o [2]
  .text              ro code   0x805'70c4      0x1e  strcat.o [2]
  .text              ro code   0x805'70e4      0x12  strcmp.o [4]
  .rodata            const     0x805'70f8     0x3b8  dhcp.o [1]
  .rodata            const     0x805'74b0     0x398  tcp_out.o [1]
  .rodata            const     0x805'7848     0x378  tcp.o [1]
  .rodata            const     0x805'7bc0     0x2f0  pbuf.o [1]
  .rodata            const     0x805'7eb0     0x2c4  fs.o [1]
  .rodata            const     0x805'8174     0x2a8  api_msg.o [1]
  .text              ro code   0x805'841c     0x280  main.o [1]
  .text              ro code   0x805'869c      0x2e  stm32f7xx_hal.o [1]
  .text              ro code   0x805'86cc      0x74  stm32f7xx_hal_pwr_ex.o [1]
  .text              ro code   0x805'8740      0x8c  stm32f7xx_nucleo_144.o [1]
  .text              ro code   0x805'87cc      0xb4  app_ethernet.o [1]
  .rodata            const     0x805'8880     0x230  etharp.o [1]
  .rodata            const     0x805'8ab0     0x20c  tcp_in.o [1]
  .rodata            const     0x805'8cbc     0x178  mem.o [1]
  .rodata            const     0x805'8e34     0x144  icmp.o [1]
  .text              ro code   0x805'8f78     0x13c  heap0.o [2]
  .text              ro code   0x805'90b4      0x2c  xgetmemchunk.o [2]
  .rodata            const     0x805'90e0     0x138  api_lib.o [1]
  .rodata            const     0x805'9218     0x134  ip4_frag.o [1]
  .rodata            const     0x805'934c     0x100  memp.o [1]
  .rodata            const     0x805'944c      0xf0  tcpip.o [1]
  .rodata            const     0x805'953c      0xec  timeouts.o [1]
  .rodata            const     0x805'9628      0xe0  ethernet.o [1]
  .rodata            const     0x805'9708      0xdc  ip4.o [1]
  .rodata            const     0x805'97e4      0xd8  ethernetif.o [1]
  .text              ro code   0x805'98bc      0xd8  xfspos.o [2]
  .text              ro code   0x805'9994      0xac  fflush.o [2]
  .text              ro code   0x805'9a40       0xc  xfgpos.o [2]
  .text              ro code   0x805'9a4c      0x4a  lseek.o [5]
  .text              ro code   0x805'9a96      0x10  write.o [5]
  .text              ro code   0x805'9aa8      0x44  XShHandles.o [2]
  .text              ro code   0x805'9aec      0x4c  XShHandles.o [2]
  .text              ro code   0x805'9b38      0x1e  dwrite.o [5]
  .text              ro code   0x805'9b56      0x20  iarwstd.o [5]
  .text              ro code   0x805'9b76      0x22  iarwrite.o [5]
  .text              ro code   0x805'9b98      0x50  iarttio.o [5]
  .text              ro code   0x805'9be8      0x24  XShttio.o [2]
  .text              ro code   0x805'9c0c      0x14  XShttio.o [2]
  .rodata            const     0x805'9c20      0xd4  udp.o [1]
  .rodata            const     0x805'9cf4      0xcc  netbuf.o [1]
  .text              ro code   0x805'9dc0      0xb4  xfwprep.o [2]
  .text              ro code   0x805'9e74      0x24  fseek.o [2]
  .rodata            const     0x805'9e98      0xa8  netif.o [1]
  .text              ro code   0x805'9f40      0x9c  xfofind.o [2]
  .text              ro code   0x805'9fdc       0x4  heaptramp0.o [2]
  .text              ro code   0x805'9fe0      0x7e  fclose.o [2]
  .text              ro code   0x805'a05e      0x18  close.o [5]
  .text              ro code   0x805'a076      0x14  remove.o [5]
  .text              ro code   0x805'a08c      0x48  XShHandles.o [2]
  .text              ro code   0x805'a0d4      0x78  lz77_init_single.o [4]
  .text              ro code   0x805'a14c      0x60  system_stm32f7xx.o [1]
  .text              ro code   0x805'a1ac      0x54  fputc.o [2]
  .text              ro code   0x805'a200      0x3c  xcloseall.o [2]
  .rodata            const     0x805'a23c      0x28  timeouts.o [1]
  .text              ro code   0x805'a264      0x28  data_init.o [4]
  .text              ro code   0x805'a28c      0x22  fpinit_M.o [3]
  .iar.init_table    const     0x805'a2b0      0x20  - Linker created -
  .text              ro code   0x805'a2d0      0x1e  cmain.o [4]
  .text              ro code   0x805'a2ee       0x4  low_level_init.o [2]
  .text              ro code   0x805'a2f2       0x4  exit.o [2]
  .text              ro code   0x805'a2f8       0xe  cexit.o [4]
  .text              ro code   0x805'a308      0x1c  stm32f7xx_it.o [1]
  .text              ro code   0x805'a324      0x16  xprout.o [2]
  .text              ro code   0x805'a33c       0xc  putchar.o [2]
  .rodata            const     0x805'a348      0x14  fs.o [1]
  .rodata            const     0x805'a35c      0x14  fs.o [1]
  .rodata            const     0x805'a370      0x14  fs.o [1]
  .rodata            const     0x805'a384      0x14  fs.o [1]
  .rodata            const     0x805'a398      0x14  fs.o [1]
  .rodata            const     0x805'a3ac      0x14  fs.o [1]
  .rodata            const     0x805'a3c0      0x14  fs.o [1]
  .rodata            const     0x805'a3d4      0x14  fs.o [1]
  .rodata            const     0x805'a3e8      0x14  fs.o [1]
  .text              ro code   0x805'a3fc      0x10  startup_stm32f767xx.o [1]
  .rodata            const     0x805'a40c       0xc  memp.o [1]
  .rodata            const     0x805'a418       0xc  memp.o [1]
  .rodata            const     0x805'a424       0xc  memp.o [1]
  .rodata            const     0x805'a430       0xc  memp.o [1]
  .rodata            const     0x805'a43c       0xc  memp.o [1]
  .rodata            const     0x805'a448       0xc  memp.o [1]
  .rodata            const     0x805'a454       0xc  memp.o [1]
  .rodata            const     0x805'a460       0xc  memp.o [1]
  .rodata            const     0x805'a46c       0xc  memp.o [1]
  .rodata            const     0x805'a478       0xc  memp.o [1]
  .rodata            const     0x805'a484       0xc  memp.o [1]
  .rodata            const     0x805'a490       0xc  memp.o [1]
  .rodata            const     0x805'a49c       0xc  memp.o [1]
  .text              ro code   0x805'a4a8       0xc  cstartup_M.o [4]
  .text              ro code   0x805'a4b4       0xc  xencoding_8859_1.o [2]
  .rodata            const     0x805'a4c0       0x8  ethernet.o [1]
  .rodata            const     0x805'a4c8       0x8  ethernetif.o [1]
  .rodata            const     0x805'a4d0       0x8  main.o [1]
  .rodata            const     0x805'a4d8       0x8  main.o [1]
  .rodata            const     0x805'a4e0       0x8  system_stm32f7xx.o [1]
  .rodata            const     0x805'a4e8       0x4  ip4_addr.o [1]
  .rodata            const     0x805'a4ec       0x4  ip4_addr.o [1]
  .text              ro code   0x805'a4f0       0x4  startup_stm32f767xx.o [1]
  .text              ro code   0x805'a4f4       0x4  startup_stm32f767xx.o [1]
  .text              ro code   0x805'a4f8       0x4  startup_stm32f767xx.o [1]
  .text              ro code   0x805'a4fc       0x4  startup_stm32f767xx.o [1]
  .text              ro code   0x805'a500       0x4  startup_stm32f767xx.o [1]
  .text              ro code   0x805'a504       0x4  startup_stm32f767xx.o [1]
  .text              ro code   0x805'a508       0x4  startup_stm32f767xx.o [1]
  .text              ro code   0x805'a50c       0x4  startup_stm32f767xx.o [1]
  .text              ro code   0x805'a510       0x4  startup_stm32f767xx.o [1]
  .text              ro code   0x805'a514       0x4  startup_stm32f767xx.o [1]
  .text              ro code   0x805'a518       0x4  startup_stm32f767xx.o [1]
  .text              ro code   0x805'a51c       0x4  startup_stm32f767xx.o [1]
  .text              ro code   0x805'a520       0x4  startup_stm32f767xx.o [1]
  .text              ro code   0x805'a524       0x4  startup_stm32f767xx.o [1]
  .text              ro code   0x805'a528       0x4  startup_stm32f767xx.o [1]
  .text              ro code   0x805'a52c       0x4  startup_stm32f767xx.o [1]
  .text              ro code   0x805'a530       0x4  startup_stm32f767xx.o [1]
  .text              ro code   0x805'a534       0x4  startup_stm32f767xx.o [1]
  .text              ro code   0x805'a538       0x4  startup_stm32f767xx.o [1]
  .text              ro code   0x805'a53c       0x4  startup_stm32f767xx.o [1]
  .text              ro code   0x805'a540       0x4  startup_stm32f767xx.o [1]
  .text              ro code   0x805'a544       0x4  startup_stm32f767xx.o [1]
  .text              ro code   0x805'a548       0x4  startup_stm32f767xx.o [1]
  .text              ro code   0x805'a54c       0x4  startup_stm32f767xx.o [1]
  .text              ro code   0x805'a550       0x4  startup_stm32f767xx.o [1]
  .text              ro code   0x805'a554       0x4  startup_stm32f767xx.o [1]
  .text              ro code   0x805'a558       0x4  startup_stm32f767xx.o [1]
  .text              ro code   0x805'a55c       0x4  startup_stm32f767xx.o [1]
  .text              ro code   0x805'a560       0x4  startup_stm32f767xx.o [1]
  .text              ro code   0x805'a564       0x4  startup_stm32f767xx.o [1]
  .text              ro code   0x805'a568       0x4  startup_stm32f767xx.o [1]
  .text              ro code   0x805'a56c       0x4  startup_stm32f767xx.o [1]
  .text              ro code   0x805'a570       0x4  startup_stm32f767xx.o [1]
  .text              ro code   0x805'a574       0x4  startup_stm32f767xx.o [1]
  .text              ro code   0x805'a578       0x4  startup_stm32f767xx.o [1]
  .text              ro code   0x805'a57c       0x4  startup_stm32f767xx.o [1]
  .text              ro code   0x805'a580       0x4  startup_stm32f767xx.o [1]
  .text              ro code   0x805'a584       0x4  startup_stm32f767xx.o [1]
  .text              ro code   0x805'a588       0x4  startup_stm32f767xx.o [1]
  .text              ro code   0x805'a58c       0x4  startup_stm32f767xx.o [1]
  .text              ro code   0x805'a590       0x4  startup_stm32f767xx.o [1]
  .text              ro code   0x805'a594       0x4  startup_stm32f767xx.o [1]
  .text              ro code   0x805'a598       0x4  startup_stm32f767xx.o [1]
  .text              ro code   0x805'a59c       0x4  startup_stm32f767xx.o [1]
  .text              ro code   0x805'a5a0       0x4  startup_stm32f767xx.o [1]
  .text              ro code   0x805'a5a4       0x4  startup_stm32f767xx.o [1]
  .text              ro code   0x805'a5a8       0x4  startup_stm32f767xx.o [1]
  .text              ro code   0x805'a5ac       0x4  startup_stm32f767xx.o [1]
  .text              ro code   0x805'a5b0       0x4  startup_stm32f767xx.o [1]
  .text              ro code   0x805'a5b4       0x4  startup_stm32f767xx.o [1]
  .text              ro code   0x805'a5b8       0x4  startup_stm32f767xx.o [1]
  .text              ro code   0x805'a5bc       0x4  startup_stm32f767xx.o [1]
  .text              ro code   0x805'a5c0       0x4  startup_stm32f767xx.o [1]
  .text              ro code   0x805'a5c4       0x4  startup_stm32f767xx.o [1]
  .text              ro code   0x805'a5c8       0x4  startup_stm32f767xx.o [1]
  .text              ro code   0x805'a5cc       0x4  startup_stm32f767xx.o [1]
  .text              ro code   0x805'a5d0       0x4  startup_stm32f767xx.o [1]
  .text              ro code   0x805'a5d4       0x4  startup_stm32f767xx.o [1]
  .text              ro code   0x805'a5d8       0x4  startup_stm32f767xx.o [1]
  .text              ro code   0x805'a5dc       0x4  startup_stm32f767xx.o [1]
  .text              ro code   0x805'a5e0       0x4  startup_stm32f767xx.o [1]
  .text              ro code   0x805'a5e4       0x4  startup_stm32f767xx.o [1]
  .text              ro code   0x805'a5e8       0x4  startup_stm32f767xx.o [1]
  .text              ro code   0x805'a5ec       0x4  startup_stm32f767xx.o [1]
  .text              ro code   0x805'a5f0       0x4  startup_stm32f767xx.o [1]
  .text              ro code   0x805'a5f4       0x4  startup_stm32f767xx.o [1]
  .text              ro code   0x805'a5f8       0x4  startup_stm32f767xx.o [1]
  .text              ro code   0x805'a5fc       0x4  startup_stm32f767xx.o [1]
  .text              ro code   0x805'a600       0x4  startup_stm32f767xx.o [1]
  .text              ro code   0x805'a604       0x4  startup_stm32f767xx.o [1]
  .text              ro code   0x805'a608       0x4  startup_stm32f767xx.o [1]
  .text              ro code   0x805'a60c       0x4  startup_stm32f767xx.o [1]
  .text              ro code   0x805'a610       0x4  startup_stm32f767xx.o [1]
  .text              ro code   0x805'a614       0x4  startup_stm32f767xx.o [1]
  .text              ro code   0x805'a618       0x4  startup_stm32f767xx.o [1]
  .text              ro code   0x805'a61c       0x4  startup_stm32f767xx.o [1]
  .text              ro code   0x805'a620       0x4  startup_stm32f767xx.o [1]
  .text              ro code   0x805'a624       0x4  startup_stm32f767xx.o [1]
  .text              ro code   0x805'a628       0x4  startup_stm32f767xx.o [1]
  .text              ro code   0x805'a62c       0x4  startup_stm32f767xx.o [1]
  .text              ro code   0x805'a630       0x4  startup_stm32f767xx.o [1]
  .text              ro code   0x805'a634       0x4  startup_stm32f767xx.o [1]
  .text              ro code   0x805'a638       0x4  startup_stm32f767xx.o [1]
  .text              ro code   0x805'a63c       0x4  startup_stm32f767xx.o [1]
  .text              ro code   0x805'a640       0x4  startup_stm32f767xx.o [1]
  .text              ro code   0x805'a644       0x4  startup_stm32f767xx.o [1]
  .text              ro code   0x805'a648       0x4  startup_stm32f767xx.o [1]
  .text              ro code   0x805'a64c       0x4  startup_stm32f767xx.o [1]
  .text              ro code   0x805'a650       0x4  startup_stm32f767xx.o [1]
  .text              ro code   0x805'a654       0x4  startup_stm32f767xx.o [1]
  .text              ro code   0x805'a658       0x4  startup_stm32f767xx.o [1]
  .text              ro code   0x805'a65c       0x4  startup_stm32f767xx.o [1]
  .text              ro code   0x805'a660       0x4  startup_stm32f767xx.o [1]
  .text              ro code   0x805'a664       0x4  startup_stm32f767xx.o [1]
  .text              ro code   0x805'a668       0x4  startup_stm32f767xx.o [1]
  .text              ro code   0x805'a66c       0x4  startup_stm32f767xx.o [1]
  .text              ro code   0x805'a670       0x4  startup_stm32f767xx.o [1]
  .text              ro code   0x805'a674       0x4  startup_stm32f767xx.o [1]
  .text              ro code   0x805'a678       0x4  startup_stm32f767xx.o [1]
  .text              ro code   0x805'a67c       0x4  startup_stm32f767xx.o [1]
  .text              ro code   0x805'a680       0x4  startup_stm32f767xx.o [1]
  .text              ro code   0x805'a684       0x4  startup_stm32f767xx.o [1]
  .text              ro code   0x805'a688       0x4  startup_stm32f767xx.o [1]
  .text              ro code   0x805'a68c       0x4  startup_stm32f767xx.o [1]
  .text              ro code   0x805'a690       0x4  startup_stm32f767xx.o [1]
  .text              ro code   0x805'a694       0x4  startup_stm32f767xx.o [1]
  .text              ro code   0x805'a698       0x0  cstart_closeall.o [4]
  .rodata            const     0x805'a698       0x0  zero_init3.o [4]
  .rodata            const     0x805'a698       0x0  lz77_init_single.o [4]
  Initializer bytes  const     0x805'a698      0x9a  <for P2-1>
                             - 0x805'a732  0x5'a53a

"P2", part 1 of 3:                            0x1aa
  P2-1                        0x2000'0000     0x1aa  <Init block>
    .data            inited   0x2000'0000       0xc  dhcp.o [1]
    .data            inited   0x2000'000c       0xc  port.o [1]
    .data            inited   0x2000'0018       0xc  stm32f7xx_hal.o [1]
    .data            inited   0x2000'0024       0xc  stm32f7xx_nucleo_144.o [1]
    .data            inited   0x2000'0030       0x4  system_stm32f7xx.o [1]
    .data            inited   0x2000'0034      0x1c  tcp.o [1]
    .data            inited   0x2000'0050       0x8  udp.o [1]
    .data            inited   0x2000'0058       0x8  rand.o [2]
    .data            inited   0x2000'0060      0x48  xlocale_c.o [2]
    .data            inited   0x2000'00a8      0x48  xfiles.o [2]
    .data            inited   0x2000'00f0      0x48  xfiles.o [2]
    .data            inited   0x2000'0138      0x48  xfiles.o [2]
    .data            inited   0x2000'0180      0x20  xfiles.o [2]
    .data            inited   0x2000'01a0       0x8  XShttio.o [2]
    .data            inited   0x2000'01a8       0x2  tcp.o [1]
                            - 0x2000'01aa     0x1aa

"P2", part 2 of 3:                           0xbadc
  .bss               zero     0x2000'01ac    0x5018  heap_4.o [1]
  .bss               zero     0x2000'51c4    0x3024  memp.o [1]
  .bss               zero     0x2000'81e8    0x2824  mem.o [1]
  .bss               zero     0x2000'aa0c     0x5cc  memp.o [1]
  .bss               zero     0x2000'afd8     0x16c  memp.o [1]
  .bss               zero     0x2000'b144      0xf0  etharp.o [1]
  .bss               zero     0x2000'b234      0xc4  memp.o [1]
  .bss               zero     0x2000'b2f8      0xa4  memp.o [1]
  .bss               zero     0x2000'b39c      0xa4  memp.o [1]
  .bss               zero     0x2000'b440      0xa4  memp.o [1]
  .bss               zero     0x2000'b4e4      0xa4  memp.o [1]
  .bss               zero     0x2000'b588      0x90  memp.o [1]
  .bss               zero     0x2000'b618      0x8c  tasks.o [1]
  .bss               zero     0x2000'b6a4      0x8c  tasks.o [1]
  .bss               zero     0x2000'b730      0x84  memp.o [1]
  .bss               zero     0x2000'b7b4      0x84  memp.o [1]
  .bss               zero     0x2000'b838      0x84  memp.o [1]
  .bss               zero     0x2000'b8bc      0x84  rand.o [2]
  .bss               zero     0x2000'b940      0x80  XShHandles.o [2]
  .bss               zero     0x2000'b9c0      0x50  xfiles.o [2]
  .bss               zero     0x2000'ba10      0x50  xfiles.o [2]
  .bss               zero     0x2000'ba60      0x4c  ethernetif.o [1]
  .bss               zero     0x2000'baac      0x40  queue.o [1]
  .bss               zero     0x2000'baec      0x40  stm32f7xx_hal_timebase_tim.o [1]
  .bss               zero     0x2000'bb2c      0x38  main.o [1]
  .bss               zero     0x2000'bb64      0x38  tcp_in.o [1]
  .bss               zero     0x2000'bb9c      0x28  dhcp.o [1]
  .bss               zero     0x2000'bbc4      0x24  memp.o [1]
  .bss               zero     0x2000'bbe8      0x18  ip.o [1]
  .bss               zero     0x2000'bc00      0x10  tcpip.o [1]
  .bss               zero     0x2000'bc10       0xc  netif.o [1]
  .bss               zero     0x2000'bc1c       0x8  ip4_frag.o [1]
  .bss               zero     0x2000'bc24       0x8  timeouts.o [1]
  .bss               zero     0x2000'bc2c       0x8  heap0.o [2]
  .bss               zero     0x2000'bc34       0x4  dhcp.o [1]
  .bss               zero     0x2000'bc38       0x4  httpserver-netconn.o [1]
  .bss               zero     0x2000'bc3c       0x4  memp.o [1]
  .bss               zero     0x2000'bc40       0x4  memp.o [1]
  .bss               zero     0x2000'bc44       0x4  memp.o [1]
  .bss               zero     0x2000'bc48       0x4  memp.o [1]
  .bss               zero     0x2000'bc4c       0x4  memp.o [1]
  .bss               zero     0x2000'bc50       0x4  memp.o [1]
  .bss               zero     0x2000'bc54       0x4  memp.o [1]
  .bss               zero     0x2000'bc58       0x4  memp.o [1]
  .bss               zero     0x2000'bc5c       0x4  memp.o [1]
  .bss               zero     0x2000'bc60       0x4  memp.o [1]
  .bss               zero     0x2000'bc64       0x4  memp.o [1]
  .bss               zero     0x2000'bc68       0x4  memp.o [1]
  .bss               zero     0x2000'bc6c       0x4  memp.o [1]
  .bss               zero     0x2000'bc70       0x4  sys_arch.o [1]
  .bss               zero     0x2000'bc74       0x4  timeouts.o [1]
  .bss               zero     0x2000'bc78       0x4  xfail_s.o [2]
  .bss               zero     0x2000'bc7c       0x4  xgetmemchunk.o [2]
  .bss               zero     0x2000'bc80       0x2  ip4.o [1]
  .bss               zero     0x2000'bc82       0x1  api_msg.o [1]
  .bss               zero     0x2000'bc83       0x1  app_ethernet.o [1]
  .bss               zero     0x2000'bc84       0x1  etharp.o [1]
  .bss               zero     0x2000'bc85       0x1  tcp.o [1]
  .bss               zero     0x2000'bc86       0x1  XShttio.o [2]
                            - 0x2000'bc87    0xbadb

"P2", part 3 of 3:                           0x1800
  CSTACK                      0x2000'bc88    0x1000  <Block>
    CSTACK           uninit   0x2000'bc88    0x1000  <Block tail>
  HEAP                        0x2000'cc88     0x800  <Block>
    HEAP             uninit   0x2000'cc88     0x800  <Block tail>
                            - 0x2000'd488    0x1800

Absolute sections:                           0x30a0
  .noinit            uninit   0x2007'c000      0x80  ethernetif.o [1]
  .noinit            uninit   0x2007'c080      0x80  ethernetif.o [1]
  .noinit            uninit   0x2007'c100    0x17d0  ethernetif.o [1]
  .noinit            uninit   0x2007'd8d0    0x17d0  ethernetif.o [1]
                            - 0x2007'f0a0    0x30a0

Unused ranges:

         From           To       Size
         ----           --       ----
   0x805'a732   0x81f'ffff  0x1a'58ce
  0x2000'01aa  0x2000'01ab        0x2
  0x2000'd488  0x2007'bfff   0x6'eb78
  0x2007'f0a0  0x2007'ffff      0xf60


*******************************************************************************
*** INIT TABLE
***

          Address      Size
          -------      ----
Zero (__iar_zero_init3)
    1 destination range, total size 0xbadb:
          0x2000'01ac  0xbadb

Copy/lz77 (__iar_lz77_init_single3)
    1 source range, total size 0x9a (36% of destination):
           0x805'a698    0x9a
    1 destination range, total size 0x1aa:
          0x2000'0000   0x1aa



*******************************************************************************
*** MODULE SUMMARY
***

    Module                        ro code  ro data  rw data  rw data
                                                              (abs)
    ------                        -------  -------  -------  -------
command line/config:
    ----------------------------------------------------------------
    Total:

C:\Users\AtifM\Desktop\EmbeddedWebServer\STM32WebServer\STM32Cube_FW_F7_V1.11.0\Projects\STM32F767ZI-Nucleo\Applications\LwIP\LwIP_HTTP_Server_Netconn_RTOS\EWARM\STM32F767ZI_Nucleo\Obj: [1]
    api_lib.o                       1'528      312
    api_msg.o                       4'324      680        1
    app_ethernet.o                    180                 1
    cmsis_os.o                        746
    def.o                              38
    dhcp.o                          4'544      956       56
    etharp.o                        1'928      560      241
    ethernet.o                        264      232
    ethernetif.o                      936      224       76   12'448
    fs.o                               92  305'016
    heap_4.o                          448            20'504
    httpserver-netconn.o            1'076    1'820        4
    icmp.o                            440      324
    inet_chksum.o                     192
    init.o                             38
    ip.o                                                 24
    ip4.o                             764      220        2
    ip4_addr.o                         50        8
    ip4_frag.o                      2'000      308        8
    list.o                            146
    main.o                            640       16       56
    mem.o                           1'184      376   10'276
    memp.o                            364      412   15'652
    netbuf.o                          204      204
    netif.o                           404      168       12
    pbuf.o                          2'204      752
    port.o                            456        4       12
    portasm.o                         172
    queue.o                         1'780                64
    startup_stm32f767xx.o             944
    stm32f7xx_hal.o                    96        5       12
    stm32f7xx_hal_cortex.o            284
    stm32f7xx_hal_eth.o             1'904
    stm32f7xx_hal_gpio.o              512
    stm32f7xx_hal_pwr_ex.o            116
    stm32f7xx_hal_rcc.o             1'360
    stm32f7xx_hal_tim.o               642
    stm32f7xx_hal_tim_ex.o              4
    stm32f7xx_hal_timebase_tim.o      140                64
    stm32f7xx_it.o                     28
    stm32f7xx_nucleo_144.o            140        4       12
    sys_arch.o                        468                 4
    system_stm32f7xx.o                 96        9        4
    tasks.o                         2'620               280
    tcp.o                           3'576      899       31
    tcp_in.o                        4'012      524       56
    tcp_out.o                       3'772      920
    tcpip.o                           460      240       16
    timeouts.o                        460      276       12
    udp.o                             940      215        8
    ----------------------------------------------------------------
    Total:                         49'716  315'684   47'488   12'448

dl7M_tlf.a: [2]
    XShHandles.o                      216               128
    XShttio.o                          64        3        9
    abort.o                             6
    exit.o                              4
    fclose.o                          126
    fflush.o                          172
    fputc.o                            84
    fseek.o                            36
    heap0.o                           316                 8
    heaptramp0.o                        4
    low_level_init.o                    4
    printf.o                           40
    putchar.o                          12
    rand.o                            156        3      140
    sprintf.o                          64
    strcat.o                           30
    strncmp.o                          40
    xcloseall.o                        60
    xencoding_8859_1.o                 12
    xfail_s.o                          64                 4
    xfgpos.o                           12
    xfiles.o                                    90      408
    xfofind.o                         156
    xfspos.o                          216
    xfwprep.o                         180
    xgetmemchunk.o                     44                 4
    xlocale_c.o                       104       28       72
    xprintfsmall.o                  1'265
    xprout.o                           22
    xsprout.o                          10
    ----------------------------------------------------------------
    Total:                          3'519      124      773

m7M_tlv.a: [3]
    fpinit_M.o                         34
    ----------------------------------------------------------------
    Total:                             34

rt7M_tl.a: [4]
    ABImemclr.o                         6
    ABImemclr4.o                        6
    ABImemcpy_small.o                  24
    ABImemset.o                       102
    ABImemset48.o                      58
    I64DivMod_small.o                 262
    I64DivZer.o                         2
    cexit.o                            14
    cmain.o                            30
    cstart_closeall.o
    cstartup_M.o                       12
    data_init.o                        40
    lz77_init_single.o                120
    memchr.o                           88
    memcmp_small.o                     30
    memset.o                           20
    strchr.o                           22
    strcmp.o                           18
    strcpy.o                           24
    strlen_small.o                     20
    zero_init3.o                       58
    ----------------------------------------------------------------
    Total:                            956

shb_l.a: [5]
    close.o                            24
    dwrite.o                           30
    exit.o                             20
    iarttio.o                         124
    iarwrite.o                         34
    iarwstd.o                          32
    lseek.o                            74
    remove.o                           20
    write.o                            16
    ----------------------------------------------------------------
    Total:                            374

    Gaps                               36        7
    Linker created                              32    6'144
--------------------------------------------------------------------
    Grand Total:                   54'635  315'847   54'405   12'448


*******************************************************************************
*** ENTRY LIST
***

Entry                       Address      Size  Type      Object
-----                       -------      ----  ----      ------
.iar.init_table$$Base    0x805'a2b0             --   Gb  - Linker created -
.iar.init_table$$Limit   0x805'a2d0             --   Gb  - Linker created -
?main                    0x805'a2d1            Code  Gb  cmain.o [4]
AHBPrescTable            0x805'a19c      0x10  Data  Gb  system_stm32f7xx.o [1]
APBPrescTable            0x805'a4e0       0x8  Data  Gb  system_stm32f7xx.o [1]
Aldata                  0x2000'bc2c       0x8  Data  Lc  heap0.o [2]
BSP_LED_Init             0x805'8741      0x44  Code  Gb  stm32f7xx_nucleo_144.o [1]
BSP_LED_Off              0x805'879b       0x8  Code  Gb  stm32f7xx_nucleo_144.o [1]
BSP_LED_On               0x805'8791       0xa  Code  Gb  stm32f7xx_nucleo_144.o [1]
BusFault_Handler         0x805'a30f       0x2  Code  Gb  stm32f7xx_it.o [1]
CSTACK$$Base            0x2000'bc88             --   Gb  - Linker created -
CSTACK$$Limit           0x2000'cc88             --   Gb  - Linker created -
CacheMore                0x804'c36d      0x28  Code  Lc  xlocale_c.o [2]
DHCP_state              0x2000'bc83       0x1  Data  Gb  app_ethernet.o [1]
DHCP_thread              0x805'87ed      0x88  Code  Gb  app_ethernet.o [1]
DMARxDscrTab            0x2007'c000      0x80  Data  Gb  ethernetif.o [1]
DMATxDscrTab            0x2007'c080      0x80  Data  Gb  ethernetif.o [1]
DebugMon_Handler         0x805'a313       0x2  Code  Gb  stm32f7xx_it.o [1]
DynWebPage               0x805'6db5      0x96  Code  Gb  httpserver-netconn.o [1]
ETH_FlushTransmitFIFO    0x805'1aab      0x26  Code  Lc  stm32f7xx_hal_eth.o [1]
ETH_IRQHandler           0x805'a319       0x6  Code  Gb  stm32f7xx_it.o [1]
ETH_MACDMAConfig         0x805'197f      0xea  Code  Lc  stm32f7xx_hal_eth.o [1]
EthHandle               0x2000'ba60      0x48  Data  Gb  ethernetif.o [1]
GPIO_PIN                 0x805'87c4       0x8  Data  Gb  stm32f7xx_nucleo_144.o [1]
GPIO_PORT               0x2000'0024       0xc  Data  Gb  stm32f7xx_nucleo_144.o [1]
HAL_Delay                0x805'1c9b      0x16  Code  Wk  stm32f7xx_hal.o [1]
HAL_ETH_DMARxDescListInit
                         0x805'15a1      0x88  Code  Gb  stm32f7xx_hal_eth.o [1]
HAL_ETH_DMATxDescListInit
                         0x805'1525      0x7c  Code  Gb  stm32f7xx_hal_eth.o [1]
HAL_ETH_GetReceivedFrame_IT
                         0x805'1711      0x78  Code  Gb  stm32f7xx_hal_eth.o [1]
HAL_ETH_IRQHandler       0x805'17a3      0x66  Code  Gb  stm32f7xx_hal_eth.o [1]
HAL_ETH_Init             0x805'1365     0x1b2  Code  Gb  stm32f7xx_hal_eth.o [1]
HAL_ETH_MspInit          0x805'03e5      0xe0  Code  Gb  ethernetif.o [1]
HAL_ETH_ReadPHYRegister
                         0x805'1809      0x78  Code  Gb  stm32f7xx_hal_eth.o [1]
HAL_ETH_RxCpltCallback   0x805'04cd       0x8  Code  Gb  ethernetif.o [1]
HAL_ETH_Start            0x805'18ef      0x6c  Code  Gb  stm32f7xx_hal_eth.o [1]
HAL_ETH_TransmitFrame    0x805'1629      0xe8  Code  Gb  stm32f7xx_hal_eth.o [1]
HAL_ETH_WritePHYRegister
                         0x805'1881      0x6e  Code  Gb  stm32f7xx_hal_eth.o [1]
HAL_GPIO_Init            0x805'0af9     0x1c4  Code  Gb  stm32f7xx_hal_gpio.o [1]
HAL_GPIO_WritePin        0x805'0cbd       0x8  Code  Gb  stm32f7xx_hal_gpio.o [1]
HAL_GetTick              0x805'1ad1       0xc  Code  Wk  stm32f7xx_hal.o [1]
HAL_IncTick              0x805'1f39      0x10  Code  Wk  stm32f7xx_hal.o [1]
HAL_Init                 0x805'869d      0x28  Code  Gb  stm32f7xx_hal.o [1]
HAL_InitTick             0x805'1b09      0x72  Code  Gb  stm32f7xx_hal_timebase_tim.o [1]
HAL_MPU_ConfigRegion     0x805'0dad      0x4c  Code  Gb  stm32f7xx_hal_cortex.o [1]
HAL_MPU_Disable          0x805'0d7f      0x14  Code  Gb  stm32f7xx_hal_cortex.o [1]
HAL_MPU_Enable           0x805'0d93      0x1a  Code  Gb  stm32f7xx_hal_cortex.o [1]
HAL_NVIC_EnableIRQ       0x805'0d69      0x16  Code  Gb  stm32f7xx_hal_cortex.o [1]
HAL_NVIC_SetPriority     0x805'0d2d      0x3a  Code  Gb  stm32f7xx_hal_cortex.o [1]
HAL_NVIC_SetPriorityGrouping
                         0x805'0d13      0x1a  Code  Gb  stm32f7xx_hal_cortex.o [1]
HAL_PWREx_EnableOverDrive
                         0x805'86cd      0x46  Code  Gb  stm32f7xx_hal_pwr_ex.o [1]
HAL_RCC_ClockConfig      0x805'1105      0xf8  Code  Gb  stm32f7xx_hal_rcc.o [1]
HAL_RCC_GetClockConfig   0x805'12fd      0x36  Code  Gb  stm32f7xx_hal_rcc.o [1]
HAL_RCC_GetHCLKFreq      0x805'12e1       0x6  Code  Gb  stm32f7xx_hal_rcc.o [1]
HAL_RCC_GetPCLK1Freq     0x805'12e7      0x10  Code  Gb  stm32f7xx_hal_rcc.o [1]
HAL_RCC_GetSysClockFreq
                         0x805'1295      0x4c  Code  Gb  stm32f7xx_hal_rcc.o [1]
HAL_RCC_MCOConfig        0x805'1211      0x76  Code  Gb  stm32f7xx_hal_rcc.o [1]
HAL_RCC_OscConfig        0x805'0e15     0x2f0  Code  Gb  stm32f7xx_hal_rcc.o [1]
HAL_TIMEx_BreakCallback
                         0x805'1f4f       0x2  Code  Wk  stm32f7xx_hal_tim_ex.o [1]
HAL_TIMEx_CommutationCallback
                         0x805'1f53       0x2  Code  Wk  stm32f7xx_hal_tim_ex.o [1]
HAL_TIM_Base_Init        0x805'1cbd      0x1a  Code  Gb  stm32f7xx_hal_tim.o [1]
HAL_TIM_Base_Start_IT    0x805'1cd7      0x16  Code  Gb  stm32f7xx_hal_tim.o [1]
HAL_TIM_IRQHandler       0x805'1d11     0x158  Code  Gb  stm32f7xx_hal_tim.o [1]
HAL_TIM_PeriodElapsedCallback
                         0x805'1b7b       0x4  Code  Gb  stm32f7xx_hal_timebase_tim.o [1]
HEAP$$Base              0x2000'cc88             --   Gb  - Linker created -
HEAP$$Limit             0x2000'd488             --   Gb  - Linker created -
HardFault_Handler        0x805'a30b       0x2  Code  Gb  stm32f7xx_it.o [1]
MemManage_Handler        0x805'a30d       0x2  Code  Gb  stm32f7xx_it.o [1]
NMI_Handler              0x805'a309       0x2  Code  Gb  stm32f7xx_it.o [1]
PAGE_START               0x805'5958     0x63c  Data  Lc  httpserver-netconn.o [1]
PendSV_Handler           0x805'0a4d            Code  Gb  portasm.o [1]
Region$$Table$$Base      0x805'a2b0             --   Gb  - Linker created -
Region$$Table$$Limit     0x805'a2d0             --   Gb  - Linker created -
Rx_Buff                 0x2007'c100    0x17d0  Data  Gb  ethernetif.o [1]
SVC_Handler              0x805'0aa9            Code  Gb  portasm.o [1]
StartThread              0x805'85e5      0x6c  Code  Lc  main.o [1]
SysTick_Handler          0x805'a315       0x4  Code  Gb  stm32f7xx_it.o [1]
SystemCoreClock         0x2000'0030       0x4  Data  Gb  system_stm32f7xx.o [1]
SystemInit               0x805'a14d      0x3c  Code  Gb  system_stm32f7xx.o [1]
TIM6_DAC_IRQHandler      0x805'1b7f       0x6  Code  Gb  stm32f7xx_hal_timebase_tim.o [1]
TIM_Base_SetConfig       0x805'1e6f      0x96  Code  Gb  stm32f7xx_hal_tim.o [1]
TimHandle               0x2000'baec      0x40  Data  Gb  stm32f7xx_hal_timebase_tim.o [1]
Tx_Buff                 0x2007'd8d0    0x17d0  Data  Gb  ethernetif.o [1]
UsageFault_Handler       0x805'a311       0x2  Code  Gb  stm32f7xx_it.o [1]
User_notification        0x805'87cd      0x20  Code  Gb  app_ethernet.o [1]
_Close_all               0x805'a201      0x3c  Code  Gb  xcloseall.o [2]
_Encoding_8859_1_Mbrlen
                         0x805'a4b5       0x2  Code  Gb  xencoding_8859_1.o [2]
_Files                  0x2000'0180      0x20  Data  Gb  xfiles.o [2]
_Fofree                  0x805'9f41      0x96  Code  Gb  xfofind.o [2]
_Fspos                   0x805'98bd      0xd8  Code  Gb  xfspos.o [2]
_Fwprep                  0x805'9dc1      0xb4  Code  Gb  xfwprep.o [2]
_LitobSmall              0x804'aac3      0xce  Code  Lc  xprintfsmall.o [2]
_Nnl                     0x805'9a41       0xc  Code  Gb  xfgpos.o [2]
_PrintfSmall             0x804'a6f5     0x3c4  Code  Gb  xprintfsmall.o [2]
_Prout                   0x805'a325      0x16  Code  Gb  xprout.o [2]
_PutcharsSmall           0x804'ab91      0x2e  Code  Lc  xprintfsmall.o [2]
_Rand_idx               0x2000'b93c       0x4  Data  Lc  rand.o [2]
_Rand_rv                0x2000'b8bc      0x80  Data  Lc  rand.o [2]
_Randinit               0x2000'0058       0x1  Data  Gb  rand.o [2]
_Randseed               0x2000'005c       0x4  Data  Gb  rand.o [2]
_SProut                  0x804'9c1f       0xa  Code  Gb  xsprout.o [2]
__NVIC_SetPriority       0x805'0cf9      0x1a  Code  Lc  stm32f7xx_hal_cortex.o [1]
__aeabi_ldiv0            0x805'1f49            Code  Gb  I64DivZer.o [4]
__aeabi_memclr           0x804'b23d            Code  Gb  ABImemclr.o [4]
__aeabi_memclr4          0x804'9c19            Code  Gb  ABImemclr4.o [4]
__aeabi_memset           0x804'dcd5            Code  Gb  ABImemset.o [4]
__aeabi_memset4          0x804'b539            Code  Gb  ABImemset48.o [4]
__aeabi_memset8          0x804'b539            Code  Gb  ABImemset48.o [4]
__basic_free             0x805'9025      0x16  Code  Gb  heap0.o [2]
__basic_free_intern      0x805'903b      0x74  Code  Lc  heap0.o [2]
__basic_malloc           0x805'8f79      0x18  Code  Gb  heap0.o [2]
__basic_malloc_intern    0x805'8f91      0x94  Code  Lc  heap0.o [2]
__cexit_closeall         0x805'a2fb            Code  Gb  cexit.o [4]
__close                  0x805'a05f      0x18  Code  Gb  close.o [5]
__cmain                  0x805'a2d1            Code  Gb  cmain.o [4]
__cstart_closeall        0x805'a698            Data  Gb  cstart_closeall.o [4]
__data_GetMemChunk       0x805'90b5      0x2c  Code  Gb  xgetmemchunk.o [2]
__data_GetMemChunk::start
                        0x2000'bc7c       0x4  Data  Lc  xgetmemchunk.o [2]
__dwrite                 0x805'9b39      0x1e  Code  Gb  dwrite.o [5]
__exit                   0x805'078d      0x14  Code  Gb  exit.o [5]
__iar_Fail_s             0x804'c3ed      0x1c  Code  Gb  xfail_s.o [2]
__iar_Memchr             0x804'c441            Code  Gb  memchr.o [4]
__iar_Memset             0x804'dcd5            Code  Gb  ABImemset.o [4]
__iar_Memset4_word       0x804'b541            Code  Gb  ABImemset48.o [4]
__iar_Memset8_word       0x804'b541            Code  Gb  ABImemset48.o [4]
__iar_Memset_word        0x804'dcdd            Code  Gb  ABImemset.o [4]
__iar_Stderr            0x2000'0138      0x48  Data  Gb  xfiles.o [2]
__iar_Stdin             0x2000'00a8      0x48  Data  Gb  xfiles.o [2]
__iar_Stdout            0x2000'00f0      0x48  Data  Gb  xfiles.o [2]
__iar_Strchr             0x804'c3d5            Code  Gb  strchr.o [4]
__iar_close_ttio         0x805'1add      0x2c  Code  Wk  iarttio.o [5]
__iar_data_init3         0x805'a265      0x28  Code  Gb  data_init.o [4]
__iar_get_ttio           0x805'9b99      0x4c  Code  Gb  iarttio.o [5]
__iar_globLocale        0x2000'0060      0x48  Data  Lc  xlocale_c.o [2]
__iar_init_vfp           0x805'a28d            Code  Gb  fpinit_M.o [3]
__iar_lookup_ttioh       0x805'1cb5       0x8  Code  Gb  XShttio.o [2]
__iar_lz77_init_single3
                         0x805'a0d5      0x78  Code  Gb  lz77_init_single.o [4]
__iar_program_start      0x805'a4a9            Code  Gb  cstartup_M.o [4]
__iar_sh_Discard         0x805'a08d      0x48  Code  Wk  XShHandles.o [2]
__iar_sh_Move            0x805'9aed      0x4c  Code  Wk  XShHandles.o [2]
__iar_sh_Pos             0x805'9aa9      0x44  Code  Gb  XShHandles.o [2]
__iar_sh_stdout          0x805'9b57      0x20  Code  Gb  iarwstd.o [5]
__iar_sh_write           0x805'9b77      0x22  Code  Gb  iarwrite.o [5]
__iar_small_Memcpy       0x804'b249            Code  Gb  ABImemcpy_small.o [4]
__iar_small_memcmp       0x804'dd3d            Code  Gb  memcmp_small.o [4]
__iar_small_memcpy       0x804'b245            Code  Gb  ABImemcpy_small.o [4]
__iar_small_memcpy4      0x804'b245            Code  Gb  ABImemcpy_small.o [4]
__iar_small_memcpy8      0x804'b245            Code  Gb  ABImemcpy_small.o [4]
__iar_small_strlen       0x804'c42d            Code  Gb  strlen_small.o [4]
__iar_small_uldivmod     0x805'1b95            Code  Gb  I64DivMod_small.o [4]
__iar_ttio_guard_lock    0x805'9be9      0x24  Code  Wk  XShttio.o [2]
__iar_ttio_guard_unlock
                         0x805'9c0d      0x14  Code  Wk  XShttio.o [2]
__iar_ttio_handles      0x2000'01a0       0x8  Data  Lc  XShttio.o [2]
__iar_zero_init3         0x804'973f      0x3a  Code  Gb  zero_init3.o [4]
__low_level_init         0x805'a2ef       0x4  Code  Gb  low_level_init.o [2]
__lseek                  0x805'9a4d      0x4a  Code  Gb  lseek.o [5]
__vector_table           0x800'0000            Data  Gb  startup_stm32f767xx.o [1]
__write                  0x805'9a97      0x10  Code  Gb  write.o [5]
_call_main               0x805'a2dd            Code  Gb  cmain.o [4]
_exit                    0x805'a2f9            Code  Gb  cexit.o [4]
_gLocale_mblen           0x804'c3cd       0x4  Code  Gb  xlocale_c.o [2]
_gLocale_mblenInt        0x804'c395      0x2c  Code  Gb  xlocale_c.o [2]
_main                    0x805'a2eb            Code  Gb  cmain.o [4]
abort                    0x804'f0e5       0x6  Code  Gb  abort.o [2]
accept_function          0x805'239b      0xb4  Code  Lc  api_msg.o [1]
ackno                   0x2000'bb90       0x4  Data  Lc  tcp_in.o [1]
arp_table               0x2000'b144      0xf0  Data  Lc  etharp.o [1]
cyclic_timer             0x804'ef6b       0xe  Code  Lc  timeouts.o [1]
data_404_html            0x805'402c     0xe38  Data  Lc  fs.o [1]
data_STM32F7xx_files_ST_gif
                         0x804'66f0    0x130c  Data  Lc  fs.o [1]
data_STM32F7xx_files_logo_jpg
                         0x805'4e64     0xa14  Data  Lc  fs.o [1]
data_STM32F7xx_files_stm32_jpg
                         0x804'22e8    0x4408  Data  Lc  fs.o [1]
data_STM32F7xx_html      0x803'd020    0x52c8  Data  Lc  fs.o [1]
data_applications_json   0x805'7eb0     0x2c4  Data  Lc  fs.o [1]
data_bootstrap_bootstrap_css
                         0x800'01f8  0x2'5754  Data  Lc  fs.o [1]
data_functions_js        0x805'6780     0x48c  Data  Lc  fs.o [1]
data_jQuery_jquery_js    0x802'594c  0x1'76d4  Data  Lc  fs.o [1]
data_style_css           0x805'3108     0xf24  Data  Lc  fs.o [1]
dhcp_arp_reply           0x804'7e6d      0x86  Code  Gb  dhcp.o [1]
dhcp_bind                0x804'7fcd      0xe4  Code  Lc  dhcp.o [1]
dhcp_check               0x804'7a91      0x28  Code  Lc  dhcp.o [1]
dhcp_coarse_tmr          0x804'7b6f     0x124  Code  Gb  dhcp.o [1]
dhcp_create_msg          0x804'87f1     0x17a  Code  Lc  dhcp.o [1]
dhcp_create_msg::xid    0x2000'bc34       0x4  Data  Lc  dhcp.o [1]
dhcp_dec_pcb_refcount    0x804'7a5f      0x32  Code  Lc  dhcp.o [1]
dhcp_delete_msg          0x804'8971      0x50  Code  Lc  dhcp.o [1]
dhcp_discover            0x804'7f17      0x82  Code  Lc  dhcp.o [1]
dhcp_discover_request_options
                        0x2000'0004       0x4  Data  Lc  dhcp.o [1]
dhcp_fine_tmr            0x804'7cc3      0x7e  Code  Gb  dhcp.o [1]
dhcp_handle_ack          0x804'7d41      0x64  Code  Lc  dhcp.o [1]
dhcp_inc_pcb_refcount    0x804'79fd      0x62  Code  Lc  dhcp.o [1]
dhcp_option              0x804'82cf      0x40  Code  Lc  dhcp.o [1]
dhcp_option_byte         0x804'830f      0x30  Code  Lc  dhcp.o [1]
dhcp_option_long         0x804'836f      0x4e  Code  Lc  dhcp.o [1]
dhcp_option_short        0x804'833f      0x30  Code  Lc  dhcp.o [1]
dhcp_option_trailer      0x804'89c7      0x6c  Code  Lc  dhcp.o [1]
dhcp_pcb                0x2000'0008       0x4  Data  Lc  dhcp.o [1]
dhcp_pcb_refcount       0x2000'0000       0x1  Data  Lc  dhcp.o [1]
dhcp_reboot              0x804'8131      0x7a  Code  Lc  dhcp.o [1]
dhcp_recv                0x804'83e5     0x3f4  Code  Lc  dhcp.o [1]
dhcp_release             0x804'81e3      0x8c  Code  Gb  dhcp.o [1]
dhcp_renew               0x804'80bd      0x6c  Code  Gb  dhcp.o [1]
dhcp_rx_options_given   0x2000'bb9c       0x8  Data  Gb  dhcp.o [1]
dhcp_rx_options_val     0x2000'bba4      0x20  Data  Gb  dhcp.o [1]
dhcp_select              0x804'7ab9      0xaa  Code  Lc  dhcp.o [1]
dhcp_set_state           0x804'82bf      0x10  Code  Lc  dhcp.o [1]
dhcp_start               0x804'7da5      0xa8  Code  Gb  dhcp.o [1]
dhcp_stop                0x804'826f      0x4a  Code  Gb  dhcp.o [1]
dhcp_supplied_address    0x804'8a55      0x1e  Code  Gb  dhcp.o [1]
do_memp_free_pool        0x804'b17d      0x34  Code  Lc  memp.o [1]
do_memp_malloc_pool      0x804'b113      0x42  Code  Lc  memp.o [1]
eTaskGetState            0x804'f31d      0x48  Code  Gb  tasks.o [1]
ebuf                    0x2000'b9c0      0x50  Data  Lc  xfiles.o [2]
err_tcp                  0x805'2201     0x11e  Code  Lc  api_msg.o [1]
etharp_cached_entry     0x2000'bc84       0x1  Data  Lc  etharp.o [1]
etharp_cleanup_netif     0x804'9157      0x28  Code  Gb  etharp.o [1]
etharp_find_entry        0x804'900d     0x14a  Code  Lc  etharp.o [1]
etharp_free_entry        0x804'8f91      0x20  Code  Lc  etharp.o [1]
etharp_input             0x804'917f     0x136  Code  Gb  etharp.o [1]
etharp_output            0x804'932f     0x132  Code  Gb  etharp.o [1]
etharp_output_to_arp_index
                         0x804'92b5      0x72  Code  Lc  etharp.o [1]
etharp_query             0x804'9465     0x128  Code  Gb  etharp.o [1]
etharp_raw               0x804'959d      0xc6  Code  Lc  etharp.o [1]
etharp_request           0x804'968d       0x4  Code  Gb  etharp.o [1]
etharp_request_dst       0x804'966b      0x22  Code  Lc  etharp.o [1]
etharp_tmr               0x804'8fb1      0x5c  Code  Gb  etharp.o [1]
ethbroadcast             0x804'b35c       0x8  Data  Gb  ethernet.o [1]
ethernet_input           0x804'b25d      0x94  Code  Gb  ethernet.o [1]
ethernet_output          0x804'b2f1      0x68  Code  Gb  ethernet.o [1]
ethernetif_init          0x805'0649      0xdc  Code  Gb  ethernetif.o [1]
ethernetif_input         0x805'0571      0xd8  Code  Lc  ethernetif.o [1]
ethzero                  0x805'a4c0       0x8  Data  Gb  ethernet.o [1]
exit                     0x805'a2f3       0x4  Code  Gb  exit.o [2]
fclose                   0x805'9fe1      0x7e  Code  Gb  fclose.o [2]
fflush                   0x805'9a09      0x34  Code  Gb  fflush.o [2]
fflushOne                0x805'9995      0x74  Code  Lc  fflush.o [2]
file_404_html            0x805'a348      0x14  Data  Gb  fs.o [1]
file_STM32F7xx_files_ST_gif
                         0x805'a3e8      0x14  Data  Gb  fs.o [1]
file_STM32F7xx_files_logo_jpg
                         0x805'a3d4      0x14  Data  Gb  fs.o [1]
file_STM32F7xx_files_stm32_jpg
                         0x805'7088      0x14  Data  Gb  fs.o [1]
file_STM32F7xx_html      0x805'a384      0x14  Data  Gb  fs.o [1]
file_applications_json   0x805'a35c      0x14  Data  Gb  fs.o [1]
file_bootstrap_bootstrap_css
                         0x805'a3ac      0x14  Data  Gb  fs.o [1]
file_functions_js        0x805'a370      0x14  Data  Gb  fs.o [1]
file_jQuery_jquery_js    0x805'a3c0      0x14  Data  Gb  fs.o [1]
file_style_css           0x805'a398      0x14  Data  Gb  fs.o [1]
flags                   0x2000'bb64       0x1  Data  Lc  tcp_in.o [1]
fputc                    0x805'a1ad      0x54  Code  Gb  fputc.o [2]
free                     0x805'9fdd       0x4  Code  Gb  heaptramp0.o [2]
fs_close                 0x805'7085       0x2  Code  Gb  fs.o [1]
fs_open                  0x805'7041      0x44  Code  Gb  fs.o [1]
fseek                    0x805'9e75      0x24  Code  Gb  fseek.o [2]
gnetif                  0x2000'bb2c      0x38  Data  Gb  main.o [1]
http_server_netconn_init
                         0x805'6d9d      0x18  Code  Gb  httpserver-netconn.o [1]
http_server_netconn_thread
                         0x805'6c0d     0x186  Code  Lc  httpserver-netconn.o [1]
icmp_dest_unreach        0x804'ad43       0x6  Code  Gb  icmp.o [1]
icmp_input               0x804'ac1d     0x126  Code  Gb  icmp.o [1]
icmp_send_response       0x804'ad4d      0x7e  Code  Lc  icmp.o [1]
icmp_time_exceeded       0x804'ad49       0x4  Code  Gb  icmp.o [1]
inet_chksum_pbuf         0x804'c4fb      0x50  Code  Gb  inet_chksum.o [1]
inseg                   0x2000'bb68      0x10  Data  Lc  tcp_in.o [1]
ip4_addr_isbroadcast_u32
                         0x804'abe9      0x32  Code  Gb  ip4_addr.o [1]
ip4_frag                 0x804'ca79     0x19e  Code  Gb  ip4_frag.o [1]
ip4_input                0x804'ae2b     0x18e  Code  Gb  ip4.o [1]
ip4_output_if            0x804'afb9      0x28  Code  Gb  ip4.o [1]
ip4_output_if_src        0x804'afe1      0xcc  Code  Gb  ip4.o [1]
ip4_reass                0x804'c70b     0x316  Code  Gb  ip4_frag.o [1]
ip4_route                0x804'add5      0x56  Code  Gb  ip4.o [1]
ip_addr_any              0x805'a4e8       0x4  Data  Gb  ip4_addr.o [1]
ip_addr_broadcast        0x805'a4ec       0x4  Data  Gb  ip4_addr.o [1]
ip_data                 0x2000'bbe8      0x18  Data  Gb  ip.o [1]
ip_frag_free_pbuf_custom_ref
                         0x804'ca2d      0x22  Code  Lc  ip4_frag.o [1]
ip_id                   0x2000'bc80       0x2  Data  Lc  ip4.o [1]
ip_reass_dequeue_datagram
                         0x804'c6cf      0x3c  Code  Lc  ip4_frag.o [1]
ip_reass_free_complete_datagram
                         0x804'c585      0xda  Code  Lc  ip4_frag.o [1]
ip_reass_pbufcount      0x2000'bc1c       0x2  Data  Lc  ip4_frag.o [1]
ip_reass_remove_oldest_datagram
                         0x804'c667      0x68  Code  Lc  ip4_frag.o [1]
ip_reass_tmr             0x804'c559      0x2c  Code  Gb  ip4_frag.o [1]
ipfrag_free_pbuf_custom
                         0x804'ca51      0x26  Code  Lc  ip4_frag.o [1]
lfree                   0x2000'81f0       0x4  Data  Lc  mem.o [1]
lock_tcpip_core         0x2000'bc0c       0x4  Data  Gb  tcpip.o [1]
low_level_output         0x805'04d5      0x9c  Code  Lc  ethernetif.o [1]
lwip_cyclic_timers       0x805'a23c      0x28  Data  Gb  timeouts.o [1]
lwip_htonl               0x804'9725      0x1a  Code  Gb  def.o [1]
lwip_htons               0x804'9719       0xc  Code  Gb  def.o [1]
lwip_init                0x805'6759      0x26  Code  Gb  init.o [1]
lwip_netconn_do_bind     0x805'2991      0x48  Code  Gb  api_msg.o [1]
lwip_netconn_do_close    0x805'2e7d      0xc0  Code  Gb  api_msg.o [1]
lwip_netconn_do_close_internal
                         0x805'2671     0x1f0  Code  Lc  api_msg.o [1]
lwip_netconn_do_delconn
                         0x805'2867     0x122  Code  Gb  api_msg.o [1]
lwip_netconn_do_listen   0x805'2a01      0xe8  Code  Gb  api_msg.o [1]
lwip_netconn_do_newconn
                         0x805'2461      0x7e  Code  Gb  api_msg.o [1]
lwip_netconn_do_recv     0x805'2b0f      0x48  Code  Gb  api_msg.o [1]
lwip_netconn_do_write    0x805'2d79      0xd4  Code  Gb  api_msg.o [1]
lwip_netconn_do_writemore
                         0x805'2b6b     0x1ee  Code  Lc  api_msg.o [1]
lwip_standard_chksum     0x804'c499      0x56  Code  Gb  inet_chksum.o [1]
lwip_sys_mutex          0x2000'bc70       0x4  Data  Gb  sys_arch.o [1]
main                     0x805'841d     0x1ba  Code  Gb  main.o [1]
makeFreeRtosPriority     0x804'dd5d       0xc  Code  Lc  cmsis_os.o [1]
mbox                    0x2000'bc08       0x4  Data  Lc  tcpip.o [1]
mem_free                 0x804'97cd     0x130  Code  Gb  mem.o [1]
mem_init                 0x804'9779      0x52  Code  Gb  mem.o [1]
mem_malloc               0x804'9a09     0x114  Code  Gb  mem.o [1]
mem_mutex               0x2000'aa08       0x4  Data  Lc  mem.o [1]
mem_trim                 0x804'9905     0x102  Code  Gb  mem.o [1]
memchr                   0x804'c441            Code  Gb  memchr.o [4]
memp_FRAG_PBUF           0x805'a448       0xc  Data  Gb  memp.o [1]
memp_NETBUF              0x805'a454       0xc  Data  Gb  memp.o [1]
memp_NETCONN             0x805'a460       0xc  Data  Gb  memp.o [1]
memp_PBUF                0x805'a490       0xc  Data  Gb  memp.o [1]
memp_PBUF_POOL           0x805'a49c       0xc  Data  Gb  memp.o [1]
memp_REASSDATA           0x805'a43c       0xc  Data  Gb  memp.o [1]
memp_SYS_TIMEOUT         0x805'a484       0xc  Data  Gb  memp.o [1]
memp_TCPIP_MSG_API       0x805'a46c       0xc  Data  Gb  memp.o [1]
memp_TCPIP_MSG_INPKT     0x805'a478       0xc  Data  Gb  memp.o [1]
memp_TCP_PCB             0x805'a418       0xc  Data  Gb  memp.o [1]
memp_TCP_PCB_LISTEN      0x805'a424       0xc  Data  Gb  memp.o [1]
memp_TCP_SEG             0x805'a430       0xc  Data  Gb  memp.o [1]
memp_UDP_PCB             0x805'a40c       0xc  Data  Gb  memp.o [1]
memp_free                0x804'b1b1      0x2c  Code  Gb  memp.o [1]
memp_init                0x804'b0f9      0x1a  Code  Gb  memp.o [1]
memp_init_pool           0x804'b0d1      0x28  Code  Gb  memp.o [1]
memp_malloc              0x804'b155      0x28  Code  Gb  memp.o [1]
memp_memory_FRAG_PBUF_base
                        0x2000'afd8     0x16c  Data  Gb  memp.o [1]
memp_memory_NETBUF_base
                        0x2000'bbc4      0x24  Data  Gb  memp.o [1]
memp_memory_NETCONN_base
                        0x2000'b39c      0xa4  Data  Gb  memp.o [1]
memp_memory_PBUF_POOL_base
                        0x2000'51c4    0x3024  Data  Gb  memp.o [1]
memp_memory_PBUF_base   0x2000'b4e4      0xa4  Data  Gb  memp.o [1]
memp_memory_REASSDATA_base
                        0x2000'b2f8      0xa4  Data  Gb  memp.o [1]
memp_memory_SYS_TIMEOUT_base
                        0x2000'b440      0xa4  Data  Gb  memp.o [1]
memp_memory_TCPIP_MSG_API_base
                        0x2000'b7b4      0x84  Data  Gb  memp.o [1]
memp_memory_TCPIP_MSG_INPKT_base
                        0x2000'b838      0x84  Data  Gb  memp.o [1]
memp_memory_TCP_PCB_LISTEN_base
                        0x2000'b588      0x90  Data  Gb  memp.o [1]
memp_memory_TCP_PCB_base
                        0x2000'aa0c     0x5cc  Data  Gb  memp.o [1]
memp_memory_TCP_SEG_base
                        0x2000'b730      0x84  Data  Gb  memp.o [1]
memp_memory_UDP_PCB_base
                        0x2000'b234      0xc4  Data  Gb  memp.o [1]
memp_pools               0x805'934c      0x34  Data  Gb  memp.o [1]
memp_tab_FRAG_PBUF      0x2000'bc50       0x4  Data  Lc  memp.o [1]
memp_tab_NETBUF         0x2000'bc54       0x4  Data  Lc  memp.o [1]
memp_tab_NETCONN        0x2000'bc58       0x4  Data  Lc  memp.o [1]
memp_tab_PBUF           0x2000'bc68       0x4  Data  Lc  memp.o [1]
memp_tab_PBUF_POOL      0x2000'bc6c       0x4  Data  Lc  memp.o [1]
memp_tab_REASSDATA      0x2000'bc4c       0x4  Data  Lc  memp.o [1]
[...]
osMessagePut             0x804'df2b      0x36  Code  Gb  cmsis_os.o [1]
osMessageWaiting         0x804'e029      0x10  Code  Gb  cmsis_os.o [1]
osMutexCreate            0x804'ddc9       0x6  Code  Gb  cmsis_os.o [1]
osMutexRelease           0x804'de11      0x30  Code  Gb  cmsis_os.o [1]
osMutexWait              0x804'ddcf      0x42  Code  Gb  cmsis_os.o [1]
osSemaphoreCreate        0x804'de41      0x2c  Code  Gb  cmsis_os.o [1]
osSemaphoreDelete        0x804'df0d       0xc  Code  Gb  cmsis_os.o [1]
osSemaphoreRelease       0x804'debb      0x30  Code  Gb  cmsis_os.o [1]
osSemaphoreWait          0x804'de6d      0x42  Code  Gb  cmsis_os.o [1]
osSystickHandler         0x804'dfff      0x14  Code  Gb  cmsis_os.o [1]
osThreadCreate           0x804'dd83      0x2e  Code  Gb  cmsis_os.o [1]
osThreadList             0x804'e013       0xa  Code  Gb  cmsis_os.o [1]
osThreadTerminate        0x804'ddb1       0xa  Code  Gb  cmsis_os.o [1]
os_mutex_def_lwip_sys_mutex
                         0x804'b534       0x4  Data  Gb  sys_arch.o [1]
pbuf_alloc               0x804'9c29     0x1e4  Code  Gb  pbuf.o [1]
pbuf_alloced_custom      0x804'9e15      0x60  Code  Gb  pbuf.o [1]
pbuf_cat                 0x804'a0fd      0x72  Code  Gb  pbuf.o [1]
pbuf_chain               0x804'a16f      0x10  Code  Gb  pbuf.o [1]
pbuf_clen                0x804'a0b9      0x12  Code  Gb  pbuf.o [1]
pbuf_copy                0x804'a17f      0xfc  Code  Gb  pbuf.o [1]
pbuf_copy_partial        0x804'a281      0x84  Code  Gb  pbuf.o [1]
pbuf_free                0x804'9ff5      0xc4  Code  Gb  pbuf.o [1]
pbuf_header              0x804'9fed       0x4  Code  Gb  pbuf.o [1]
pbuf_header_force        0x804'9ff1       0x4  Code  Gb  pbuf.o [1]
pbuf_header_impl         0x804'9f4d      0xa0  Code  Lc  pbuf.o [1]
pbuf_realloc             0x804'9e75      0xd2  Code  Gb  pbuf.o [1]
pbuf_ref                 0x804'a0cb      0x32  Code  Gb  pbuf.o [1]
poll_tcp                 0x805'2123      0x6a  Code  Lc  api_msg.o [1]
printf                   0x804'8bbd      0x28  Code  Gb  printf.o [2]
prvAddCurrentTaskToDelayedList
                         0x804'fac3      0x4a  Code  Lc  tasks.o [1]
prvCopyDataFromQueue     0x805'014b      0x26  Code  Lc  queue.o [1]
prvCopyDataToQueue       0x805'00e3      0x68  Code  Lc  queue.o [1]
prvDeleteTCB             0x804'f851      0x14  Code  Lc  tasks.o [1]
prvIdleTask              0x804'f741      0x5e  Code  Lc  tasks.o [1]
prvInsertBlockIntoFreeList
                         0x805'0911      0x4a  Code  Lc  heap_4.o [1]
prvIsQueueEmpty          0x805'01d9      0x16  Code  Lc  queue.o [1]
prvListTasksWithinSingleList
                         0x804'f7f7      0x5a  Code  Lc  tasks.o [1]
prvResetNextTaskUnblockTime
                         0x804'f865      0x1c  Code  Lc  tasks.o [1]
prvTaskExitError         0x805'0245      0x20  Code  Lc  port.o [1]
prvUnlockQueue           0x805'0171      0x68  Code  Lc  queue.o [1]
putchar                  0x805'a33d       0xc  Code  Gb  putchar.o [2]
pvPortMalloc             0x805'07a1     0x106  Code  Gb  heap_4.o [1]
pvTaskIncrementMutexHeldCount
                         0x804'fa77      0x14  Code  Gb  tasks.o [1]
pxCurrentTCB            0x2000'b640       0x4  Data  Gb  tasks.o [1]
pxDelayedTaskList       0x2000'b644       0x4  Data  Lc  tasks.o [1]
pxEnd                   0x2000'01b4       0x4  Data  Lc  heap_4.o [1]
pxOverflowDelayedTaskList
                        0x2000'b648       0x4  Data  Lc  tasks.o [1]
pxPortInitialiseStack    0x805'021d      0x26  Code  Gb  port.o [1]
pxReadyTasksLists       0x2000'b6a4      0x8c  Data  Lc  tasks.o [1]
ram                     0x2000'81e8       0x4  Data  Lc  mem.o [1]
ram_end                 0x2000'81ec       0x4  Data  Lc  mem.o [1]
ram_heap                0x2000'81f4    0x2814  Data  Gb  mem.o [1]
rand                     0x804'a659      0x8a  Code  Gb  rand.o [2]
reassdatagrams          0x2000'bc20       0x4  Data  Lc  ip4_frag.o [1]
recv_acked              0x2000'bb7e       0x2  Data  Lc  tcp_in.o [1]
recv_data               0x2000'bb94       0x4  Data  Lc  tcp_in.o [1]
recv_flags              0x2000'bb65       0x1  Data  Lc  tcp_in.o [1]
recv_tcp                 0x805'2035      0xa6  Code  Lc  api_msg.o [1]
recv_udp                 0x805'1f59      0x9a  Code  Lc  api_msg.o [1]
remove                   0x805'a077      0x14  Code  Gb  remove.o [5]
sFileInfo               0x2000'b940      0x80  Data  Lc  XShHandles.o [2]
s_xSemaphore            0x2000'baa8       0x4  Data  Gb  ethernetif.o [1]
sec_hand                0x2000'bc78       0x4  Data  Lc  xfail_s.o [2]
sent_tcp                 0x805'2195      0x5e  Code  Lc  api_msg.o [1]
seqno                   0x2000'bb8c       0x4  Data  Lc  tcp_in.o [1]
setup_tcp                0x805'2361      0x3a  Code  Lc  api_msg.o [1]
sprintf                  0x805'09f5      0x40  Code  Gb  sprintf.o [2]
strcat                   0x805'70c5      0x1e  Code  Gb  strcat.o [2]
strchr                   0x804'c3d5            Code  Gb  strchr.o [4]
strcmp                   0x805'70e5            Code  Gb  strcmp.o [4]
strcpy                   0x805'0a35            Code  Gb  strcpy.o [4]
strncmp                  0x805'709d      0x28  Code  Gb  strncmp.o [2]
sys_arch_mbox_fetch      0x804'b3b3      0x44  Code  Gb  sys_arch.o [1]
sys_arch_mbox_tryfetch   0x804'b3f7      0x22  Code  Gb  sys_arch.o [1]
sys_arch_protect         0x804'b50b      0x12  Code  Gb  sys_arch.o [1]
sys_arch_sem_wait        0x804'b445      0x34  Code  Gb  sys_arch.o [1]
sys_arch_unprotect       0x804'b51d       0x2  Code  Gb  sys_arch.o [1]
sys_init                 0x804'b499      0x10  Code  Gb  sys_arch.o [1]
sys_mbox_free            0x804'b38d      0x14  Code  Gb  sys_arch.o [1]
sys_mbox_new             0x804'b365      0x28  Code  Gb  sys_arch.o [1]
sys_mbox_set_invalid     0x804'b41b       0x2  Code  Gb  sys_arch.o [1]
sys_mbox_trypost         0x804'b3a1      0x12  Code  Gb  sys_arch.o [1]
sys_mbox_valid           0x804'b419       0x2  Code  Gb  sys_arch.o [1]
sys_mutex_lock           0x804'b4cf       0xa  Code  Gb  sys_arch.o [1]
sys_mutex_new            0x804'b4a9      0x1c  Code  Gb  sys_arch.o [1]
sys_mutex_unlock         0x804'b4d9       0x2  Code  Gb  sys_arch.o [1]
sys_now                  0x805'075d       0x4  Code  Gb  ethernetif.o [1]
sys_sem_free             0x804'b47f       0x6  Code  Gb  sys_arch.o [1]
sys_sem_new              0x804'b41d      0x28  Code  Gb  sys_arch.o [1]
sys_sem_set_invalid      0x804'b491       0x2  Code  Gb  sys_arch.o [1]
sys_sem_signal           0x804'b479       0x6  Code  Gb  sys_arch.o [1]
sys_sem_valid            0x804'b485       0x2  Code  Gb  sys_arch.o [1]
sys_thread_new           0x804'b4db      0x30  Code  Gb  sys_arch.o [1]
sys_timeout              0x804'efa5      0x8e  Code  Gb  timeouts.o [1]
sys_timeouts_init        0x804'ef7f      0x26  Code  Gb  timeouts.o [1]
sys_timeouts_mbox_fetch
                         0x804'f033      0x8c  Code  Gb  timeouts.o [1]
tcp_abandon              0x804'b7eb      0xb4  Code  Gb  tcp.o [1]
tcp_abort                0x804'b89f       0x4  Code  Gb  tcp.o [1]
tcp_accept               0x804'c137       0xc  Code  Gb  tcp.o [1]
tcp_accept_null          0x804'b93b       0xe  Code  Lc  tcp.o [1]
tcp_active_pcbs         0x2000'0044       0x4  Data  Gb  tcp.o [1]
tcp_active_pcbs_changed
                        0x2000'0034       0x1  Data  Gb  tcp.o [1]
tcp_alloc                0x804'bfc9      0xe4  Code  Gb  tcp.o [1]
tcp_arg                  0x804'c0bf       0x6  Code  Gb  tcp.o [1]
tcp_backoff              0x804'c354      0x10  Data  Lc  tcp.o [1]
tcp_bind                 0x804'b8a5      0x96  Code  Gb  tcp.o [1]
tcp_bound_pcbs          0x2000'003c       0x4  Data  Gb  tcp.o [1]
tcp_close                0x804'b795      0x12  Code  Gb  tcp.o [1]
tcp_close_shutdown       0x804'b595     0x14c  Code  Lc  tcp.o [1]
tcp_close_shutdown_fin   0x804'b6e1      0x72  Code  Lc  tcp.o [1]
tcp_create_segment       0x804'e121      0xae  Code  Lc  tcp_out.o [1]
tcp_eff_send_mss_impl    0x804'c22d      0x24  Code  Gb  tcp.o [1]
tcp_enqueue_flags        0x804'e755     0x120  Code  Gb  tcp_out.o [1]
tcp_err                  0x804'c111      0x26  Code  Gb  tcp.o [1]
tcp_fasttmr              0x804'be45      0x5e  Code  Gb  tcp.o [1]
tcp_getoptbyte           0x804'dafb      0x26  Code  Lc  tcp_in.o [1]
tcp_init                 0x804'b575       0x2  Code  Gb  tcp.o [1]
tcp_input                0x804'cd29     0x84a  Code  Gb  tcp_in.o [1]
tcp_input_delayed_close
                         0x804'd5d1      0x38  Code  Lc  tcp_in.o [1]
tcp_input_pcb           0x2000'bb98       0x4  Data  Gb  tcp_in.o [1]
tcp_keepalive            0x804'ed15      0x4c  Code  Gb  tcp_out.o [1]
tcp_kill_state           0x804'bf69      0x54  Code  Lc  tcp.o [1]
tcp_listen_pcbs         0x2000'0040       0x4  Data  Gb  tcp.o [1]
tcp_listen_with_backlog_and_err
                         0x804'b949      0x86  Code  Gb  tcp.o [1]
tcp_netif_ip_addr_changed
                         0x804'c26f      0x42  Code  Gb  tcp.o [1]
tcp_netif_ip_addr_changed_pcblist
                         0x804'c251      0x1e  Code  Lc  tcp.o [1]
tcp_new_ip_type          0x804'c0b9       0x2  Code  Gb  tcp.o [1]
tcp_new_port             0x804'bac9      0x56  Code  Lc  tcp.o [1]
tcp_next_iss             0x804'c221       0xc  Code  Gb  tcp.o [1]
tcp_next_iss::iss       0x2000'004c       0x4  Data  Lc  tcp.o [1]
tcp_optidx              0x2000'bb7c       0x2  Data  Lc  tcp_in.o [1]
tcp_output               0x804'e8e5     0x29a  Code  Gb  tcp_out.o [1]
tcp_output_alloc_header
                         0x804'e05d      0x80  Code  Lc  tcp_out.o [1]
tcp_parseopt             0x804'db21      0x68  Code  Lc  tcp_in.o [1]
tcp_pbuf_prealloc        0x804'e1cf      0x7a  Code  Lc  tcp_out.o [1]
tcp_pcb_lists            0x804'bb20      0x10  Data  Gb  tcp.o [1]
tcp_pcb_purge            0x804'c16b      0x3c  Code  Gb  tcp.o [1]
tcp_pcb_remove           0x804'c1a9      0x78  Code  Gb  tcp.o [1]
tcp_persist_backoff      0x804'c364       0x8  Data  Lc  tcp.o [1]
tcp_poll                 0x804'c145      0x26  Code  Gb  tcp.o [1]
tcp_port                0x2000'01a8       0x2  Data  Lc  tcp.o [1]
tcp_process_refused_data
                         0x804'beaf      0x68  Code  Gb  tcp.o [1]
tcp_receive              0x804'd615     0x4a2  Code  Lc  tcp_in.o [1]
tcp_recv                 0x804'c0c5      0x24  Code  Gb  tcp.o [1]
tcp_recv_null            0x804'bf45      0x24  Code  Gb  tcp.o [1]
tcp_recved               0x804'ba47      0x78  Code  Gb  tcp.o [1]
tcp_rexmit               0x804'ec73      0x4a  Code  Gb  tcp_out.o [1]
tcp_rexmit_fast          0x804'ecc5      0x50  Code  Gb  tcp_out.o [1]
tcp_rexmit_rto           0x804'ec41      0x32  Code  Gb  tcp_out.o [1]
tcp_rst                  0x804'eb95      0x92  Code  Gb  tcp_out.o [1]
tcp_seg_free             0x804'bf29      0x1c  Code  Gb  tcp.o [1]
tcp_segs_free            0x804'bf17      0x12  Code  Gb  tcp.o [1]
tcp_send_empty_ack       0x804'e87b      0x6a  Code  Gb  tcp_out.o [1]
tcp_send_fin             0x804'e0dd      0x44  Code  Gb  tcp_out.o [1]
tcp_sent                 0x804'c0e9      0x24  Code  Gb  tcp.o [1]
tcp_shutdown             0x804'b7a7      0x44  Code  Gb  tcp.o [1]
tcp_slowtmr              0x804'bb31     0x30e  Code  Gb  tcp.o [1]
tcp_ticks               0x2000'0038       0x4  Data  Gb  tcp.o [1]
tcp_timer               0x2000'bc85       0x1  Data  Lc  tcp.o [1]
tcp_timer_ctr           0x2000'0035       0x1  Data  Lc  tcp.o [1]
tcp_timer_needed         0x804'ef41      0x2a  Code  Gb  timeouts.o [1]
tcp_tmr                  0x804'b577      0x1c  Code  Gb  tcp.o [1]
tcp_trigger_input_pcb_close
                         0x804'db89       0xc  Code  Gb  tcp_in.o [1]
tcp_tw_pcbs             0x2000'0048       0x4  Data  Gb  tcp.o [1]
tcp_update_rcv_ann_wnd   0x804'b9f5      0x52  Code  Gb  tcp.o [1]
tcp_write                0x804'e249     0x50c  Code  Gb  tcp_out.o [1]
tcp_zero_window_probe    0x804'ed61      0xac  Code  Gb  tcp_out.o [1]
tcphdr                  0x2000'bb84       0x4  Data  Lc  tcp_in.o [1]
tcphdr_opt1len          0x2000'bb7a       0x2  Data  Lc  tcp_in.o [1]
tcphdr_opt2             0x2000'bb88       0x4  Data  Lc  tcp_in.o [1]
tcphdr_optlen           0x2000'bb78       0x2  Data  Lc  tcp_in.o [1]
tcpip_init               0x805'66ad      0x60  Code  Gb  tcpip.o [1]
tcpip_init_done         0x2000'bc00       0x4  Data  Lc  tcpip.o [1]
tcpip_init_done_arg     0x2000'bc04       0x4  Data  Lc  tcpip.o [1]
tcpip_inpkt              0x805'6617      0x42  Code  Gb  tcpip.o [1]
tcpip_input              0x805'6659      0x10  Code  Gb  tcpip.o [1]
tcpip_send_msg_wait_sem
                         0x805'6687      0x16  Code  Gb  tcpip.o [1]
tcpip_tcp_timer          0x804'ef19      0x28  Code  Lc  timeouts.o [1]
tcpip_tcp_timer_active  0x2000'bc74       0x4  Data  Lc  timeouts.o [1]
tcpip_thread             0x805'658d      0x8a  Code  Lc  tcpip.o [1]
tcplen                  0x2000'bb80       0x2  Data  Lc  tcp_in.o [1]
timeouts_last_time      0x2000'bc28       0x4  Data  Lc  timeouts.o [1]
ttio_guard              0x2000'bc86       0x1  Data  Lc  XShttio.o [2]
ucHeap                  0x2000'01c4    0x5000  Data  Lc  heap_4.o [1]
ucMaxSysCallPriority    0x2000'000c       0x1  Data  Lc  port.o [1]
udp_bind                 0x804'8df7      0xac  Code  Gb  udp.o [1]
udp_connect              0x804'8ea3      0x4e  Code  Gb  udp.o [1]
udp_init                 0x804'8be5       0x2  Code  Gb  udp.o [1]
udp_input                0x804'8be7     0x118  Code  Gb  udp.o [1]
udp_netif_ip_addr_changed
                         0x804'8f3b      0x30  Code  Gb  udp.o [1]
udp_new                  0x804'8f1f      0x1a  Code  Gb  udp.o [1]
udp_new_ip_type          0x804'8f39       0x2  Code  Gb  udp.o [1]
udp_pcbs                0x2000'0054       0x4  Data  Gb  udp.o [1]
udp_port                0x2000'0050       0x2  Data  Lc  udp.o [1]
udp_recv                 0x804'8ef1       0x6  Code  Gb  udp.o [1]
udp_remove               0x804'8ef7      0x28  Code  Gb  udp.o [1]
udp_sendto_if            0x804'8cff      0x3a  Code  Gb  udp.o [1]
udp_sendto_if_src        0x804'8d39      0xbe  Code  Gb  udp.o [1]
ulMaxPRIGROUPValue      0x2000'0014       0x4  Data  Lc  port.o [1]
uwTick                  0x2000'001c       0x4  Data  Gb  stm32f7xx_hal.o [1]
uwTickFreq              0x2000'0018       0x1  Data  Gb  stm32f7xx_hal.o [1]
uwTickPrio              0x2000'0020       0x4  Data  Gb  stm32f7xx_hal.o [1]
uxCriticalNesting       0x2000'0010       0x4  Data  Lc  port.o [1]
uxCurrentNumberOfTasks  0x2000'b650       0x4  Data  Lc  tasks.o [1]
uxDeletedTasksWaitingCleanUp
                        0x2000'b64c       0x4  Data  Lc  tasks.o [1]
uxListRemove             0x805'09cd      0x26  Code  Gb  list.o [1]
uxPendedTicks           0x2000'b660       0x4  Data  Lc  tasks.o [1]
uxQueueMessagesWaiting   0x805'0093      0x14  Code  Gb  queue.o [1]
uxQueueMessagesWaitingFromISR
                         0x805'00af      0x1a  Code  Gb  queue.o [1]
uxSchedulerSuspended    0x2000'b674       0x4  Data  Lc  tasks.o [1]
uxTaskGetSystemState     0x804'f48d      0x84  Code  Gb  tasks.o [1]
uxTaskNumber            0x2000'b66c       0x4  Data  Lc  tasks.o [1]
uxTopReadyPriority      0x2000'b658       0x4  Data  Lc  tasks.o [1]
vListInitialise          0x805'0961      0x1a  Code  Gb  list.o [1]
vListInitialiseItem      0x805'097b       0x6  Code  Gb  list.o [1]
vListInsert              0x805'099b      0x32  Code  Gb  list.o [1]
vListInsertEnd           0x805'0981      0x1a  Code  Gb  list.o [1]
vPortEnableVFP           0x805'0add            Code  Gb  portasm.o [1]
vPortEnterCritical       0x805'02d7      0x3a  Code  Gb  port.o [1]
vPortExitCritical        0x805'0311      0x26  Code  Gb  port.o [1]
vPortFree                0x805'08b9      0x46  Code  Gb  heap_4.o [1]
vPortStartFirstTask      0x805'0ac5            Code  Gb  portasm.o [1]
vPortValidateInterruptPriority
                         0x805'0361      0x2c  Code  Gb  port.o [1]
vQueueDelete             0x805'00c9      0x1a  Code  Gb  queue.o [1]
vQueueUnregisterQueue    0x805'01ef      0x22  Code  Gb  queue.o [1]
vTaskDelay               0x804'f2f3      0x2a  Code  Gb  tasks.o [1]
vTaskDelete              0x804'f251      0x8e  Code  Gb  tasks.o [1]
vTaskGetInfo             0x804'f79f      0x58  Code  Gb  tasks.o [1]
vTaskList                0x804'f9a9      0xce  Code  Gb  tasks.o [1]
vTaskMissedYield         0x804'f735       0xa  Code  Gb  tasks.o [1]
vTaskPlaceOnEventList    0x804'f62b      0x26  Code  Gb  tasks.o [1]
vTaskPriorityInherit     0x804'f899      0x78  Code  Gb  tasks.o [1]
vTaskSetTimeOutState     0x804'f6b9      0x24  Code  Gb  tasks.o [1]
vTaskStartScheduler      0x804'f365      0x58  Code  Gb  tasks.o [1]
vTaskSuspendAll          0x804'f3bd       0xc  Code  Gb  tasks.o [1]
vTaskSwitchContext       0x804'f5d5      0x56  Code  Gb  tasks.o [1]
xBlockAllocatedBit      0x2000'01c0       0x4  Data  Lc  heap_4.o [1]
xDelayedTaskList1       0x2000'b678      0x14  Data  Lc  tasks.o [1]
xDelayedTaskList2       0x2000'b68c      0x14  Data  Lc  tasks.o [1]
xFreeBytesRemaining     0x2000'01b8       0x4  Data  Lc  heap_4.o [1]
xIdleTaskHandle         0x2000'b6a0       0x4  Data  Lc  tasks.o [1]
xMinimumEverFreeBytesRemaining
                        0x2000'01bc       0x4  Data  Lc  heap_4.o [1]
xNextTaskUnblockTime    0x2000'b670       0x4  Data  Lc  tasks.o [1]
xNumOfOverflows         0x2000'b668       0x4  Data  Lc  tasks.o [1]
xPendingReadyList       0x2000'b618      0x14  Data  Lc  tasks.o [1]
xPortStartScheduler      0x805'0265      0x72  Code  Gb  port.o [1]
xPortSysTickHandler      0x805'0337      0x2a  Code  Gb  port.o [1]
xQueueCreateCountingSemaphore
                         0x804'fc1d      0x26  Code  Gb  queue.o [1]
xQueueCreateMutex        0x804'fbe5      0x24  Code  Gb  queue.o [1]
xQueueGenericCreate      0x804'fba1      0x44  Code  Gb  queue.o [1]
xQueueGenericReceive     0x804'fea1     0x144  Code  Gb  queue.o [1]
xQueueGenericReset       0x804'fb29      0x78  Code  Gb  queue.o [1]
xQueueGenericSend        0x804'fc55     0x128  Code  Gb  queue.o [1]
xQueueGenericSendFromISR
                         0x804'fd7d      0x8a  Code  Gb  queue.o [1]
xQueueGiveFromISR        0x804'fe19      0x70  Code  Gb  queue.o [1]
xQueueReceiveFromISR     0x805'000b      0x76  Code  Gb  queue.o [1]
xQueueRegistry          0x2000'baac      0x40  Data  Gb  queue.o [1]
xSchedulerRunning       0x2000'b65c       0x4  Data  Lc  tasks.o [1]
xStart                  0x2000'01ac       0x8  Data  Lc  heap_4.o [1]
xTaskCheckForTimeOut     0x804'f6dd      0x58  Code  Gb  tasks.o [1]
xTaskCreate              0x804'f0ed     0x164  Code  Gb  tasks.o [1]
xTaskGetSchedulerState   0x804'f881      0x18  Code  Gb  tasks.o [1]
xTaskGetTickCount        0x804'f477       0x8  Code  Gb  tasks.o [1]
xTaskGetTickCountFromISR
                         0x804'f47f       0xe  Code  Gb  tasks.o [1]
xTaskIncrementTick       0x804'f511      0xbe  Code  Gb  tasks.o [1]
xTaskPriorityDisinherit
                         0x804'f911      0x88  Code  Gb  tasks.o [1]
xTaskRemoveFromEventList
                         0x804'f651      0x42  Code  Gb  tasks.o [1]
xTaskResumeAll           0x804'f3c9      0xa4  Code  Gb  tasks.o [1]
xTasksWaitingTermination
                        0x2000'b62c      0x14  Data  Lc  tasks.o [1]
xTickCount              0x2000'b654       0x4  Data  Lc  tasks.o [1]
xYieldPending           0x2000'b664       0x4  Data  Lc  tasks.o [1]


[1] = C:\Users\AtifM\Desktop\EmbeddedWebServer\STM32WebServer\STM32Cube_FW_F7_V1.11.0\Projects\STM32F767ZI-Nucleo\Applications\LwIP\LwIP_HTTP_Server_Netconn_RTOS\EWARM\STM32F767ZI_Nucleo\Obj
[2] = dl7M_tlf.a
[3] = m7M_tlv.a
[4] = rt7M_tl.a
[5] = shb_l.a

   54'635 bytes of readonly  code memory
  315'847 bytes of readonly  data memory
   54'405 bytes of readwrite data memory (+ 12'448 absolute)

Errors: none
Warnings: none
